Archive member included to satisfy reference by file (symbol)

d:/file install cube ide/stm32cubeide_1.9.0/stm32cubeide/plugins/com.st.stm32cube.ide.mcu.externaltools.gnu-tools-for-stm32.10.3-2021.10.win32_1.0.0.202111181127/tools/bin/../lib/gcc/arm-none-eabi/10.3.1/../../../../arm-none-eabi/lib/thumb/v7e-m+fp/hard\libstdc++_nano.a(pure.o)
                              ./Core/Src/mainpp.o (__cxa_pure_virtual)
d:/file install cube ide/stm32cubeide_1.9.0/stm32cubeide/plugins/com.st.stm32cube.ide.mcu.externaltools.gnu-tools-for-stm32.10.3-2021.10.win32_1.0.0.202111181127/tools/bin/../lib/gcc/arm-none-eabi/10.3.1/../../../../arm-none-eabi/lib/thumb/v7e-m+fp/hard\libstdc++_nano.a(eh_terminate.o)
                              d:/file install cube ide/stm32cubeide_1.9.0/stm32cubeide/plugins/com.st.stm32cube.ide.mcu.externaltools.gnu-tools-for-stm32.10.3-2021.10.win32_1.0.0.202111181127/tools/bin/../lib/gcc/arm-none-eabi/10.3.1/../../../../arm-none-eabi/lib/thumb/v7e-m+fp/hard\libstdc++_nano.a(pure.o) (std::terminate())
d:/file install cube ide/stm32cubeide_1.9.0/stm32cubeide/plugins/com.st.stm32cube.ide.mcu.externaltools.gnu-tools-for-stm32.10.3-2021.10.win32_1.0.0.202111181127/tools/bin/../lib/gcc/arm-none-eabi/10.3.1/../../../../arm-none-eabi/lib/thumb/v7e-m+fp/hard\libstdc++_nano.a(eh_unex_handler.o)
                              d:/file install cube ide/stm32cubeide_1.9.0/stm32cubeide/plugins/com.st.stm32cube.ide.mcu.externaltools.gnu-tools-for-stm32.10.3-2021.10.win32_1.0.0.202111181127/tools/bin/../lib/gcc/arm-none-eabi/10.3.1/../../../../arm-none-eabi/lib/thumb/v7e-m+fp/hard\libstdc++_nano.a(eh_terminate.o) (__cxxabiv1::__unexpected_handler)
d:/file install cube ide/stm32cubeide_1.9.0/stm32cubeide/plugins/com.st.stm32cube.ide.mcu.externaltools.gnu-tools-for-stm32.10.3-2021.10.win32_1.0.0.202111181127/tools/bin/../lib/gcc/arm-none-eabi/10.3.1/../../../../arm-none-eabi/lib/thumb/v7e-m+fp/hard\libstdc++_nano.a(eh_term_handler.o)
                              d:/file install cube ide/stm32cubeide_1.9.0/stm32cubeide/plugins/com.st.stm32cube.ide.mcu.externaltools.gnu-tools-for-stm32.10.3-2021.10.win32_1.0.0.202111181127/tools/bin/../lib/gcc/arm-none-eabi/10.3.1/../../../../arm-none-eabi/lib/thumb/v7e-m+fp/hard\libstdc++_nano.a(eh_terminate.o) (__cxxabiv1::__terminate_handler)
d:/file install cube ide/stm32cubeide_1.9.0/stm32cubeide/plugins/com.st.stm32cube.ide.mcu.externaltools.gnu-tools-for-stm32.10.3-2021.10.win32_1.0.0.202111181127/tools/bin/../lib/gcc/arm-none-eabi/10.3.1/../../../../arm-none-eabi/lib/thumb/v7e-m+fp/hard\libc_nano.a(lib_a-abort.o)
                              d:/file install cube ide/stm32cubeide_1.9.0/stm32cubeide/plugins/com.st.stm32cube.ide.mcu.externaltools.gnu-tools-for-stm32.10.3-2021.10.win32_1.0.0.202111181127/tools/bin/../lib/gcc/arm-none-eabi/10.3.1/../../../../arm-none-eabi/lib/thumb/v7e-m+fp/hard\libstdc++_nano.a(eh_terminate.o) (abort)
d:/file install cube ide/stm32cubeide_1.9.0/stm32cubeide/plugins/com.st.stm32cube.ide.mcu.externaltools.gnu-tools-for-stm32.10.3-2021.10.win32_1.0.0.202111181127/tools/bin/../lib/gcc/arm-none-eabi/10.3.1/../../../../arm-none-eabi/lib/thumb/v7e-m+fp/hard\libc_nano.a(lib_a-errno.o)
                              ./Core/Src/syscalls.o (__errno)
d:/file install cube ide/stm32cubeide_1.9.0/stm32cubeide/plugins/com.st.stm32cube.ide.mcu.externaltools.gnu-tools-for-stm32.10.3-2021.10.win32_1.0.0.202111181127/tools/bin/../lib/gcc/arm-none-eabi/10.3.1/../../../../arm-none-eabi/lib/thumb/v7e-m+fp/hard\libc_nano.a(lib_a-exit.o)
                              d:/file install cube ide/stm32cubeide_1.9.0/stm32cubeide/plugins/com.st.stm32cube.ide.mcu.externaltools.gnu-tools-for-stm32.10.3-2021.10.win32_1.0.0.202111181127/tools/bin/../lib/gcc/arm-none-eabi/10.3.1/../../../../arm-none-eabi/lib/thumb/v7e-m+fp/hard/crt0.o (exit)
d:/file install cube ide/stm32cubeide_1.9.0/stm32cubeide/plugins/com.st.stm32cube.ide.mcu.externaltools.gnu-tools-for-stm32.10.3-2021.10.win32_1.0.0.202111181127/tools/bin/../lib/gcc/arm-none-eabi/10.3.1/../../../../arm-none-eabi/lib/thumb/v7e-m+fp/hard\libc_nano.a(lib_a-impure.o)
                              d:/file install cube ide/stm32cubeide_1.9.0/stm32cubeide/plugins/com.st.stm32cube.ide.mcu.externaltools.gnu-tools-for-stm32.10.3-2021.10.win32_1.0.0.202111181127/tools/bin/../lib/gcc/arm-none-eabi/10.3.1/../../../../arm-none-eabi/lib/thumb/v7e-m+fp/hard\libc_nano.a(lib_a-exit.o) (_global_impure_ptr)
d:/file install cube ide/stm32cubeide_1.9.0/stm32cubeide/plugins/com.st.stm32cube.ide.mcu.externaltools.gnu-tools-for-stm32.10.3-2021.10.win32_1.0.0.202111181127/tools/bin/../lib/gcc/arm-none-eabi/10.3.1/../../../../arm-none-eabi/lib/thumb/v7e-m+fp/hard\libc_nano.a(lib_a-init.o)
[...]
Memory Configuration

Name             Origin             Length             Attributes
RAM              0x0000000020000000 0x0000000000020000 xrw
FLASH            0x0000000008000000 0x0000000000080000 xr
*default*        0x0000000000000000 0xffffffffffffffff

Linker script and memory map

LOAD d:/file install cube ide/stm32cubeide_1.9.0/stm32cubeide/plugins/com.st.stm32cube.ide.mcu.externaltools.gnu-tools-for-stm32.10.3-2021.10.win32_1.0.0.202111181127/tools/bin/../lib/gcc/arm-none-eabi/10.3.1/thumb/v7e-m+fp/hard/crti.o
LOAD d:/file install cube ide/stm32cubeide_1.9.0/stm32cubeide/plugins/com.st.stm32cube.ide.mcu.externaltools.gnu-tools-for-stm32.10.3-2021.10.win32_1.0.0.202111181127/tools/bin/../lib/gcc/arm-none-eabi/10.3.1/thumb/v7e-m+fp/hard/crtbegin.o
LOAD d:/file install cube ide/stm32cubeide_1.9.0/stm32cubeide/plugins/com.st.stm32cube.ide.mcu.externaltools.gnu-tools-for-stm32.10.3-2021.10.win32_1.0.0.202111181127/tools/bin/../lib/gcc/arm-none-eabi/10.3.1/../../../../arm-none-eabi/lib/thumb/v7e-m+fp/hard/crt0.o
LOAD ./Core/Src/duration.o
LOAD ./Core/Src/main.o
LOAD ./Core/Src/mainpp.o
LOAD ./Core/Src/stm32f4xx_hal_msp.o
LOAD ./Core/Src/stm32f4xx_it.o
LOAD ./Core/Src/syscalls.o
LOAD ./Core/Src/sysmem.o
LOAD ./Core/Src/system_stm32f4xx.o
LOAD ./Core/Src/time.o
LOAD ./Core/Startup/startup_stm32f446retx.o
LOAD ./Drivers/STM32F4xx_HAL_Driver/stm32f4xx_hal.o
LOAD ./Drivers/STM32F4xx_HAL_Driver/stm32f4xx_hal_cortex.o
LOAD ./Drivers/STM32F4xx_HAL_Driver/stm32f4xx_hal_dma.o
LOAD ./Drivers/STM32F4xx_HAL_Driver/stm32f4xx_hal_dma_ex.o
LOAD ./Drivers/STM32F4xx_HAL_Driver/stm32f4xx_hal_exti.o
LOAD ./Drivers/STM32F4xx_HAL_Driver/stm32f4xx_hal_flash.o
LOAD ./Drivers/STM32F4xx_HAL_Driver/stm32f4xx_hal_flash_ex.o
LOAD ./Drivers/STM32F4xx_HAL_Driver/stm32f4xx_hal_flash_ramfunc.o
LOAD ./Drivers/STM32F4xx_HAL_Driver/stm32f4xx_hal_gpio.o
LOAD ./Drivers/STM32F4xx_HAL_Driver/stm32f4xx_hal_pwr.o
LOAD ./Drivers/STM32F4xx_HAL_Driver/stm32f4xx_hal_pwr_ex.o
LOAD ./Drivers/STM32F4xx_HAL_Driver/stm32f4xx_hal_rcc.o
LOAD ./Drivers/STM32F4xx_HAL_Driver/stm32f4xx_hal_rcc_ex.o
LOAD ./Drivers/STM32F4xx_HAL_Driver/stm32f4xx_hal_tim.o
LOAD ./Drivers/STM32F4xx_HAL_Driver/stm32f4xx_hal_tim_ex.o
LOAD ./Drivers/STM32F4xx_HAL_Driver/stm32f4xx_hal_uart.o
START GROUP
LOAD d:/file install cube ide/stm32cubeide_1.9.0/stm32cubeide/plugins/com.st.stm32cube.ide.mcu.externaltools.gnu-tools-for-stm32.10.3-2021.10.win32_1.0.0.202111181127/tools/bin/../lib/gcc/arm-none-eabi/10.3.1/../../../../arm-none-eabi/lib/thumb/v7e-m+fp/hard\libstdc++_nano.a
LOAD d:/file install cube ide/stm32cubeide_1.9.0/stm32cubeide/plugins/com.st.stm32cube.ide.mcu.externaltools.gnu-tools-for-stm32.10.3-2021.10.win32_1.0.0.202111181127/tools/bin/../lib/gcc/arm-none-eabi/10.3.1/../../../../arm-none-eabi/lib/thumb/v7e-m+fp/hard\libsupc++_nano.a
END GROUP
LOAD d:/file install cube ide/stm32cubeide_1.9.0/stm32cubeide/plugins/com.st.stm32cube.ide.mcu.externaltools.gnu-tools-for-stm32.10.3-2021.10.win32_1.0.0.202111181127/tools/bin/../lib/gcc/arm-none-eabi/10.3.1/../../../../arm-none-eabi/lib/thumb/v7e-m+fp/hard\libstdc++_nano.a
LOAD d:/file install cube ide/stm32cubeide_1.9.0/stm32cubeide/plugins/com.st.stm32cube.ide.mcu.externaltools.gnu-tools-for-stm32.10.3-2021.10.win32_1.0.0.202111181127/tools/bin/../lib/gcc/arm-none-eabi/10.3.1/../../../../arm-none-eabi/lib/thumb/v7e-m+fp/hard\libm.a
LOAD d:/file install cube ide/stm32cubeide_1.9.0/stm32cubeide/plugins/com.st.stm32cube.ide.mcu.externaltools.gnu-tools-for-stm32.10.3-2021.10.win32_1.0.0.202111181127/tools/bin/../lib/gcc/arm-none-eabi/10.3.1/../../../../arm-none-eabi/lib/thumb/v7e-m+fp/hard\libc_nano.a
START GROUP
LOAD d:/file install cube ide/stm32cubeide_1.9.0/stm32cubeide/plugins/com.st.stm32cube.ide.mcu.externaltools.gnu-tools-for-stm32.10.3-2021.10.win32_1.0.0.202111181127/tools/bin/../lib/gcc/arm-none-eabi/10.3.1/thumb/v7e-m+fp/hard\libgcc.a
LOAD d:/file install cube ide/stm32cubeide_1.9.0/stm32cubeide/plugins/com.st.stm32cube.ide.mcu.externaltools.gnu-tools-for-stm32.10.3-2021.10.win32_1.0.0.202111181127/tools/bin/../lib/gcc/arm-none-eabi/10.3.1/../../../../arm-none-eabi/lib/thumb/v7e-m+fp/hard\libc_nano.a
END GROUP
START GROUP
LOAD d:/file install cube ide/stm32cubeide_1.9.0/stm32cubeide/plugins/com.st.stm32cube.ide.mcu.externaltools.gnu-tools-for-stm32.10.3-2021.10.win32_1.0.0.202111181127/tools/bin/../lib/gcc/arm-none-eabi/10.3.1/thumb/v7e-m+fp/hard\libgcc.a
LOAD d:/file install cube ide/stm32cubeide_1.9.0/stm32cubeide/plugins/com.st.stm32cube.ide.mcu.externaltools.gnu-tools-for-stm32.10.3-2021.10.win32_1.0.0.202111181127/tools/bin/../lib/gcc/arm-none-eabi/10.3.1/../../../../arm-none-eabi/lib/thumb/v7e-m+fp/hard\libc_nano.a
END GROUP
LOAD d:/file install cube ide/stm32cubeide_1.9.0/stm32cubeide/plugins/com.st.stm32cube.ide.mcu.externaltools.gnu-tools-for-stm32.10.3-2021.10.win32_1.0.0.202111181127/tools/bin/../lib/gcc/arm-none-eabi/10.3.1/thumb/v7e-m+fp/hard/crtend.o
LOAD d:/file install cube ide/stm32cubeide_1.9.0/stm32cubeide/plugins/com.st.stm32cube.ide.mcu.externaltools.gnu-tools-for-stm32.10.3-2021.10.win32_1.0.0.202111181127/tools/bin/../lib/gcc/arm-none-eabi/10.3.1/thumb/v7e-m+fp/hard/crtn.o
                0x0000000020020000                _estack = (ORIGIN (RAM) + LENGTH (RAM))
                0x0000000000000200                _Min_Heap_Size = 0x200
                0x0000000000000400                _Min_Stack_Size = 0x400

.isr_vector     0x0000000008000000      0x1c4
                0x0000000008000000                . = ALIGN (0x4)
 *(.isr_vector)
 .isr_vector    0x0000000008000000      0x1c4 ./Core/Startup/startup_stm32f446retx.o
                0x0000000008000000                g_pfnVectors
                0x00000000080001c4                . = ALIGN (0x4)

.text           0x00000000080001d0     0x5ef8
                0x00000000080001d0                . = ALIGN (0x4)
 *(.text)
 .text          0x00000000080001d0       0x40 d:/file install cube ide/stm32cubeide_1.9.0/stm32cubeide/plugins/com.st.stm32cube.ide.mcu.externaltools.gnu-tools-for-stm32.10.3-2021.10.win32_1.0.0.202111181127/tools/bin/../lib/gcc/arm-none-eabi/10.3.1/thumb/v7e-m+fp/hard/crtbegin.o
 .text          0x0000000008000210       0x10 d:/file install cube ide/stm32cubeide_1.9.0/stm32cubeide/plugins/com.st.stm32cube.ide.mcu.externaltools.gnu-tools-for-stm32.10.3-2021.10.win32_1.0.0.202111181127/tools/bin/../lib/gcc/arm-none-eabi/10.3.1/../../../../arm-none-eabi/lib/thumb/v7e-m+fp/hard\libc_nano.a(lib_a-strlen.o)
                0x0000000008000210                strlen
 .text          0x0000000008000220       0xa0 d:/file install cube ide/stm32cubeide_1.9.0/stm32cubeide/plugins/com.st.stm32cube.ide.mcu.externaltools.gnu-tools-for-stm32.10.3-2021.10.win32_1.0.0.202111181127/tools/bin/../lib/gcc/arm-none-eabi/10.3.1/../../../../arm-none-eabi/lib/thumb/v7e-m+fp/hard\libc_nano.a(lib_a-memchr.o)
                0x0000000008000220                memchr
 .text          0x00000000080002c0       0x30 d:/file install cube ide/stm32cubeide_1.9.0/stm32cubeide/plugins/com.st.stm32cube.ide.mcu.externaltools.gnu-tools-for-stm32.10.3-2021.10.win32_1.0.0.202111181127/tools/bin/../lib/gcc/arm-none-eabi/10.3.1/thumb/v7e-m+fp/hard\libgcc.a(_aeabi_uldivmod.o)
                0x00000000080002c0                __aeabi_uldivmod
 .text          0x00000000080002f0      0x2d0 d:/file install cube ide/stm32cubeide_1.9.0/stm32cubeide/plugins/com.st.stm32cube.ide.mcu.externaltools.gnu-tools-for-stm32.10.3-2021.10.win32_1.0.0.202111181127/tools/bin/../lib/gcc/arm-none-eabi/10.3.1/thumb/v7e-m+fp/hard\libgcc.a(_udivmoddi4.o)
                0x00000000080002f0                __udivmoddi4
 .text          0x00000000080005c0        0x4 d:/file install cube ide/stm32cubeide_1.9.0/stm32cubeide/plugins/com.st.stm32cube.ide.mcu.externaltools.gnu-tools-for-stm32.10.3-2021.10.win32_1.0.0.202111181127/tools/bin/../lib/gcc/arm-none-eabi/10.3.1/thumb/v7e-m+fp/hard\libgcc.a(_dvmd_tls.o)
                0x00000000080005c0                __aeabi_idiv0
                0x00000000080005c0                __aeabi_ldiv0
 *(.text*)
 .text.main     0x00000000080005c4       0x22 ./Core/Src/main.o
                0x00000000080005c4                main
 *fill*         0x00000000080005e6        0x2 
 .text._Z18SystemClock_Configv
                0x00000000080005e8      0x104 ./Core/Src/main.o
                0x00000000080005e8                SystemClock_Config()
 .text._ZL19MX_USART2_UART_Initv
                0x00000000080006ec       0x5c ./Core/Src/main.o
 .text._ZL11MX_DMA_Initv
                0x0000000008000748       0x50 ./Core/Src/main.o
 .text._ZL12MX_GPIO_Initv
                0x0000000008000798       0x34 ./Core/Src/main.o
 .text.Error_Handler
                0x00000000080007cc        0xe ./Core/Src/main.o
                0x00000000080007cc                Error_Handler
 .text._ZN3ros4TimeC2Ev
                0x00000000080007da       0x22 ./Core/Src/mainpp.o
                0x00000000080007da                ros::Time::Time()
                0x00000000080007da                ros::Time::Time()
 .text._ZN3ros3MsgC2Ev
                0x00000000080007fc       0x20 ./Core/Src/mainpp.o
                0x00000000080007fc                ros::Msg::Msg()
                0x00000000080007fc                ros::Msg::Msg()
 .text._ZN8std_msgs4TimeC2Ev
                0x000000000800081c       0x30 ./Core/Src/mainpp.o
                0x000000000800081c                std_msgs::Time::Time()
                0x000000000800081c                std_msgs::Time::Time()
 .text._ZNK8std_msgs4Time9serializeEPh
                0x000000000800084c       0xb0 ./Core/Src/mainpp.o
                0x000000000800084c                std_msgs::Time::serialize(unsigned char*) const
 .text._ZN8std_msgs4Time11deserializeEPh
                0x00000000080008fc       0xc8 ./Core/Src/mainpp.o
                0x00000000080008fc                std_msgs::Time::deserialize(unsigned char*)
 .text._ZN8std_msgs4Time7getTypeEv
                0x00000000080009c4       0x1c ./Core/Src/mainpp.o
                0x00000000080009c4                std_msgs::Time::getType()
 .text._ZN8std_msgs4Time6getMD5Ev
                0x00000000080009e0       0x1c ./Core/Src/mainpp.o
                0x00000000080009e0                std_msgs::Time::getMD5()
 .text._ZN14rosserial_msgs9TopicInfoC2Ev
                0x00000000080009fc       0x48 ./Core/Src/mainpp.o
                0x00000000080009fc                rosserial_msgs::TopicInfo::TopicInfo()
                0x00000000080009fc                rosserial_msgs::TopicInfo::TopicInfo()
 .text._ZNK14rosserial_msgs9TopicInfo9serializeEPh
                0x0000000008000a44      0x136 ./Core/Src/mainpp.o
                0x0000000008000a44                rosserial_msgs::TopicInfo::serialize(unsigned char*) const
 .text._ZN14rosserial_msgs9TopicInfo11deserializeEPh
                0x0000000008000b7a      0x1d0 ./Core/Src/mainpp.o
                0x0000000008000b7a                rosserial_msgs::TopicInfo::deserialize(unsigned char*)
 *fill*         0x0000000008000d4a        0x2 
 .text._ZN14rosserial_msgs9TopicInfo7getTypeEv
                0x0000000008000d4c       0x1c ./Core/Src/mainpp.o
                0x0000000008000d4c                rosserial_msgs::TopicInfo::getType()
 .text._ZN14rosserial_msgs9TopicInfo6getMD5Ev
                0x0000000008000d68       0x1c ./Core/Src/mainpp.o
                0x0000000008000d68                rosserial_msgs::TopicInfo::getMD5()
 .text._ZN14rosserial_msgs3LogC2Ev
                0x0000000008000d84       0x34 ./Core/Src/mainpp.o
                0x0000000008000d84                rosserial_msgs::Log::Log()
                0x0000000008000d84                rosserial_msgs::Log::Log()
 .text._ZNK14rosserial_msgs3Log9serializeEPh
                0x0000000008000db8       0x64 ./Core/Src/mainpp.o
                0x0000000008000db8                rosserial_msgs::Log::serialize(unsigned char*) const
 .text._ZN14rosserial_msgs3Log11deserializeEPh
                0x0000000008000e1c       0x90 ./Core/Src/mainpp.o
                0x0000000008000e1c                rosserial_msgs::Log::deserialize(unsigned char*)
 .text._ZN14rosserial_msgs3Log7getTypeEv
                0x0000000008000eac       0x1c ./Core/Src/mainpp.o
                0x0000000008000eac                rosserial_msgs::Log::getType()
 .text._ZN14rosserial_msgs3Log6getMD5Ev
                0x0000000008000ec8       0x1c ./Core/Src/mainpp.o
                0x0000000008000ec8                rosserial_msgs::Log::getMD5()
 .text._ZN14rosserial_msgs20RequestParamResponseC2Ev
                0x0000000008000ee4       0x5c ./Core/Src/mainpp.o
                0x0000000008000ee4                rosserial_msgs::RequestParamResponse::RequestParamResponse()
                0x0000000008000ee4                rosserial_msgs::RequestParamResponse::RequestParamResponse()
 .text._ZNK14rosserial_msgs20RequestParamResponse9serializeEPh
                0x0000000008000f40      0x222 ./Core/Src/mainpp.o
                0x0000000008000f40                rosserial_msgs::RequestParamResponse::serialize(unsigned char*) const
 .text._ZN14rosserial_msgs20RequestParamResponse11deserializeEPh
                0x0000000008001162      0x2e2 ./Core/Src/mainpp.o
                0x0000000008001162                rosserial_msgs::RequestParamResponse::deserialize(unsigned char*)
 .text._ZN14rosserial_msgs20RequestParamResponse7getTypeEv
                0x0000000008001444       0x1c ./Core/Src/mainpp.o
                0x0000000008001444                rosserial_msgs::RequestParamResponse::getType()
 .text._ZN14rosserial_msgs20RequestParamResponse6getMD5Ev
                0x0000000008001460       0x1c ./Core/Src/mainpp.o
                0x0000000008001460                rosserial_msgs::RequestParamResponse::getMD5()
 .text._ZN3ros9PublisherC2EPKcPNS_3MsgEi
                0x000000000800147c       0x2e ./Core/Src/mainpp.o
                0x000000000800147c                ros::Publisher::Publisher(char const*, ros::Msg*, int)
                0x000000000800147c                ros::Publisher::Publisher(char const*, ros::Msg*, int)
 .text._ZN3ros9Publisher7publishEPKNS_3MsgE
                0x00000000080014aa       0x28 ./Core/Src/mainpp.o
                0x00000000080014aa                ros::Publisher::publish(ros::Msg const*)
 .text._ZN3ros9Publisher15getEndpointTypeEv
                0x00000000080014d2       0x18 ./Core/Src/mainpp.o
                0x00000000080014d2                ros::Publisher::getEndpointType()
 .text._ZN13STM32Hardware10getRdmaIndEv
                0x00000000080014ea       0x26 ./Core/Src/mainpp.o
                0x00000000080014ea                STM32Hardware::getRdmaInd()
 .text._ZN13STM32HardwareC2Ev
                0x0000000008001510       0x38 ./Core/Src/mainpp.o
                0x0000000008001510                STM32Hardware::STM32Hardware()
                0x0000000008001510                STM32Hardware::STM32Hardware()
 .text._ZN13STM32Hardware4initEv
                0x0000000008001548       0x16 ./Core/Src/mainpp.o
                0x0000000008001548                STM32Hardware::init()
 .text._ZN13STM32Hardware10reset_rbufEv
                0x000000000800155e       0x22 ./Core/Src/mainpp.o
                0x000000000800155e                STM32Hardware::reset_rbuf()
 .text._ZN13STM32Hardware4readEv
                0x0000000008001580       0x5a ./Core/Src/mainpp.o
                0x0000000008001580                STM32Hardware::read()
 *fill*         0x00000000080015da        0x2 
 .text._ZN13STM32Hardware5flushEv
                0x00000000080015dc       0xbc ./Core/Src/mainpp.o
                0x00000000080015dc                STM32Hardware::flush()
 .text._ZN13STM32Hardware5writeEPhi
                0x0000000008001698       0x8c ./Core/Src/mainpp.o
                0x0000000008001698                STM32Hardware::write(unsigned char*, int)
 .text._ZN13STM32Hardware4timeEv
                0x0000000008001724       0x16 ./Core/Src/mainpp.o
                0x0000000008001724                STM32Hardware::time()
 *fill*         0x000000000800173a        0x2 
 .text._ZN8std_msgs6StringC2Ev
                0x000000000800173c       0x30 ./Core/Src/mainpp.o
                0x000000000800173c                std_msgs::String::String()
                0x000000000800173c                std_msgs::String::String()
 .text._ZNK8std_msgs6String9serializeEPh
                0x000000000800176c       0x52 ./Core/Src/mainpp.o
                0x000000000800176c                std_msgs::String::serialize(unsigned char*) const
 .text._ZN8std_msgs6String11deserializeEPh
                0x00000000080017be       0x7e ./Core/Src/mainpp.o
                0x00000000080017be                std_msgs::String::deserialize(unsigned char*)
 .text._ZN8std_msgs6String7getTypeEv
                0x000000000800183c       0x1c ./Core/Src/mainpp.o
                0x000000000800183c                std_msgs::String::getType()
 .text._ZN8std_msgs6String6getMD5Ev
                0x0000000008001858       0x1c ./Core/Src/mainpp.o
                0x0000000008001858                std_msgs::String::getMD5()
 .text._ZN3ros15NodeHandleBase_C2Ev
                0x0000000008001874       0x20 ./Core/Src/mainpp.o
                0x0000000008001874                ros::NodeHandleBase_::NodeHandleBase_()
                0x0000000008001874                ros::NodeHandleBase_::NodeHandleBase_()
 .text._ZN3ros11NodeHandle_I13STM32HardwareLi25ELi25ELi512ELi512EEC2Ev
                0x0000000008001894       0xf0 ./Core/Src/mainpp.o
                0x0000000008001894                ros::NodeHandle_<STM32Hardware, 25, 25, 512, 512>::NodeHandle_()
                0x0000000008001894                ros::NodeHandle_<STM32Hardware, 25, 25, 512, 512>::NodeHandle_()
 .text.HAL_UART_TxCpltCallback
                0x0000000008001984       0x24 ./Core/Src/mainpp.o
                0x0000000008001984                HAL_UART_TxCpltCallback
 .text.HAL_UART_RxCpltCallback
                0x00000000080019a8       0x24 ./Core/Src/mainpp.o
                0x00000000080019a8                HAL_UART_RxCpltCallback
 .text.setup    0x00000000080019cc       0x20 ./Core/Src/mainpp.o
                0x00000000080019cc                setup
 .text.loop     0x00000000080019ec       0x58 ./Core/Src/mainpp.o
                0x00000000080019ec                loop
 .text._ZN3ros3Msg8varToArrIPhmEEvT_T0_
                0x0000000008001a44       0x3c ./Core/Src/mainpp.o
                0x0000000008001a44                void ros::Msg::varToArr<unsigned char*, unsigned long>(unsigned char*, unsigned long)
 .text._ZN3ros3Msg8arrToVarImPhEEvRT_T0_
                0x0000000008001a80       0x4a ./Core/Src/mainpp.o
                0x0000000008001a80                void ros::Msg::arrToVar<unsigned long, unsigned char*>(unsigned long&, unsigned char*)
 .text._ZN3ros11NodeHandle_I13STM32HardwareLi25ELi25ELi512ELi512EE11getHardwareEv
                0x0000000008001aca       0x18 ./Core/Src/mainpp.o
                0x0000000008001aca                ros::NodeHandle_<STM32Hardware, 25, 25, 512, 512>::getHardware()
 .text._ZN3ros11NodeHandle_I13STM32HardwareLi25ELi25ELi512ELi512EE8initNodeEv
                0x0000000008001ae2       0x3a ./Core/Src/mainpp.o
                0x0000000008001ae2                ros::NodeHandle_<STM32Hardware, 25, 25, 512, 512>::initNode()
 .text._ZN3ros11NodeHandle_I13STM32HardwareLi25ELi25ELi512ELi512EE9advertiseERNS_9PublisherE
                0x0000000008001b1c       0x60 ./Core/Src/mainpp.o
                0x0000000008001b1c                ros::NodeHandle_<STM32Hardware, 25, 25, 512, 512>::advertise(ros::Publisher&)
 .text._ZN3ros11NodeHandle_I13STM32HardwareLi25ELi25ELi512ELi512EE8spinOnceEv
                0x0000000008001b7c      0x3b2 ./Core/Src/mainpp.o
                0x0000000008001b7c                ros::NodeHandle_<STM32Hardware, 25, 25, 512, 512>::spinOnce()
 .text._ZN3ros11NodeHandle_I13STM32HardwareLi25ELi25ELi512ELi512EE15requestSyncTimeEv
                0x0000000008001f2e       0x3c ./Core/Src/mainpp.o
                0x0000000008001f2e                ros::NodeHandle_<STM32Hardware, 25, 25, 512, 512>::requestSyncTime()
 .text._ZN3ros11NodeHandle_I13STM32HardwareLi25ELi25ELi512ELi512EE15negotiateTopicsEv
                0x0000000008001f6a      0x1be ./Core/Src/mainpp.o
                0x0000000008001f6a                ros::NodeHandle_<STM32Hardware, 25, 25, 512, 512>::negotiateTopics()
 .text._ZN3ros11NodeHandle_I13STM32HardwareLi25ELi25ELi512ELi512EE8syncTimeEPh
                0x0000000008002128       0x98 ./Core/Src/mainpp.o
                0x0000000008002128                ros::NodeHandle_<STM32Hardware, 25, 25, 512, 512>::syncTime(unsigned char*)
 .text._ZN3ros11NodeHandle_I13STM32HardwareLi25ELi25ELi512ELi512EE7publishEiPKNS_3MsgE
                0x00000000080021c0      0x128 ./Core/Src/mainpp.o
                0x00000000080021c0                ros::NodeHandle_<STM32Hardware, 25, 25, 512, 512>::publish(int, ros::Msg const*)
 .text._ZN3ros11NodeHandle_I13STM32HardwareLi25ELi25ELi512ELi512EE6setNowERKNS_4TimeE
                0x00000000080022e8       0x80 ./Core/Src/mainpp.o
                0x00000000080022e8                ros::NodeHandle_<STM32Hardware, 25, 25, 512, 512>::setNow(ros::Time const&)
 .text._ZN3ros11NodeHandle_I13STM32HardwareLi25ELi25ELi512ELi512EE8logerrorEPKc
                0x0000000008002368       0x1c ./Core/Src/mainpp.o
                0x0000000008002368                ros::NodeHandle_<STM32Hardware, 25, 25, 512, 512>::logerror(char const*)
 .text._ZN3ros11NodeHandle_I13STM32HardwareLi25ELi25ELi512ELi512EE3logEcPKc
                0x0000000008002384       0x38 ./Core/Src/mainpp.o
                0x0000000008002384                ros::NodeHandle_<STM32Hardware, 25, 25, 512, 512>::log(char, char const*)
 .text._Z41__static_initialization_and_destruction_0ii
                0x00000000080023bc       0x4c ./Core/Src/mainpp.o
 .text._ZN3ros11NodeHandle_I13STM32HardwareLi25ELi25ELi512ELi512EE9connectedEv
                0x0000000008002408       0x1a ./Core/Src/mainpp.o
                0x0000000008002408                ros::NodeHandle_<STM32Hardware, 25, 25, 512, 512>::connected()
 .text._GLOBAL__sub_I_nh
                0x0000000008002422       0x10 ./Core/Src/mainpp.o
 *fill*         0x0000000008002432        0x2 
 .text.HAL_MspInit
                0x0000000008002434       0x50 ./Core/Src/stm32f4xx_hal_msp.o
                0x0000000008002434                HAL_MspInit
 .text.HAL_UART_MspInit
                0x0000000008002484      0x16c ./Core/Src/stm32f4xx_hal_msp.o
                0x0000000008002484                HAL_UART_MspInit
 .text.NMI_Handler
                0x00000000080025f0        0x6 ./Core/Src/stm32f4xx_it.o
                0x00000000080025f0                NMI_Handler
 .text.HardFault_Handler
                0x00000000080025f6        0x6 ./Core/Src/stm32f4xx_it.o
                0x00000000080025f6                HardFault_Handler
 .text.MemManage_Handler
                0x00000000080025fc        0x6 ./Core/Src/stm32f4xx_it.o
                0x00000000080025fc                MemManage_Handler
 .text.BusFault_Handler
                0x0000000008002602        0x6 ./Core/Src/stm32f4xx_it.o
                0x0000000008002602                BusFault_Handler
 .text.UsageFault_Handler
                0x0000000008002608        0x6 ./Core/Src/stm32f4xx_it.o
                0x0000000008002608                UsageFault_Handler
 .text.SVC_Handler
                0x000000000800260e        0xe ./Core/Src/stm32f4xx_it.o
                0x000000000800260e                SVC_Handler
 .text.DebugMon_Handler
                0x000000000800261c        0xe ./Core/Src/stm32f4xx_it.o
                0x000000000800261c                DebugMon_Handler
 .text.PendSV_Handler
                0x000000000800262a        0xe ./Core/Src/stm32f4xx_it.o
                0x000000000800262a                PendSV_Handler
 .text.SysTick_Handler
                0x0000000008002638        0xc ./Core/Src/stm32f4xx_it.o
                0x0000000008002638                SysTick_Handler
 .text.DMA1_Stream5_IRQHandler
                0x0000000008002644       0x14 ./Core/Src/stm32f4xx_it.o
                0x0000000008002644                DMA1_Stream5_IRQHandler
 .text.DMA1_Stream6_IRQHandler
                0x0000000008002658       0x14 ./Core/Src/stm32f4xx_it.o
                0x0000000008002658                DMA1_Stream6_IRQHandler
 .text.USART2_IRQHandler
                0x000000000800266c       0x14 ./Core/Src/stm32f4xx_it.o
                0x000000000800266c                USART2_IRQHandler
 .text._getpid  0x0000000008002680       0x10 ./Core/Src/syscalls.o
                0x0000000008002680                _getpid
 .text._kill    0x0000000008002690       0x20 ./Core/Src/syscalls.o
                0x0000000008002690                _kill
 .text._exit    0x00000000080026b0       0x14 ./Core/Src/syscalls.o
                0x00000000080026b0                _exit
 .text._sbrk    0x00000000080026c4       0x6c ./Core/Src/sysmem.o
                0x00000000080026c4                _sbrk
 .text.SystemInit
                0x0000000008002730       0x24 ./Core/Src/system_stm32f4xx.o
                0x0000000008002730                SystemInit
 .text._ZN3ros16normalizeSecNSecERmS0_
                0x0000000008002754       0x58 ./Core/Src/time.o
                0x0000000008002754                ros::normalizeSecNSec(unsigned long&, unsigned long&)
 .text.Reset_Handler
                0x00000000080027ac       0x50 ./Core/Startup/startup_stm32f446retx.o
                0x00000000080027ac                Reset_Handler
 .text.Default_Handler
                0x00000000080027fc        0x2 ./Core/Startup/startup_stm32f446retx.o
                0x00000000080027fc                RTC_Alarm_IRQHandler
                0x00000000080027fc                EXTI2_IRQHandler
                0x00000000080027fc                TIM8_CC_IRQHandler
                0x00000000080027fc                FMPI2C1_EV_IRQHandler
                0x00000000080027fc                SPI4_IRQHandler
                0x00000000080027fc                TIM1_CC_IRQHandler
                0x00000000080027fc                DMA2_Stream5_IRQHandler
                0x00000000080027fc                PVD_IRQHandler
                0x00000000080027fc                SDIO_IRQHandler
                0x00000000080027fc                TAMP_STAMP_IRQHandler
                0x00000000080027fc                CAN2_RX1_IRQHandler
                0x00000000080027fc                EXTI3_IRQHandler
                0x00000000080027fc                TIM8_TRG_COM_TIM14_IRQHandler
                0x00000000080027fc                TIM1_UP_TIM10_IRQHandler
                0x00000000080027fc                TIM8_UP_TIM13_IRQHandler
                0x00000000080027fc                I2C3_ER_IRQHandler
                0x00000000080027fc                EXTI0_IRQHandler
                0x00000000080027fc                I2C2_EV_IRQHandler
                0x00000000080027fc                DMA1_Stream2_IRQHandler
                0x00000000080027fc                CAN1_RX0_IRQHandler
                0x00000000080027fc                FPU_IRQHandler
                0x00000000080027fc                OTG_HS_WKUP_IRQHandler
                0x00000000080027fc                CAN2_SCE_IRQHandler
                0x00000000080027fc                DMA2_Stream2_IRQHandler
                0x00000000080027fc                SPI1_IRQHandler
                0x00000000080027fc                TIM6_DAC_IRQHandler
                0x00000000080027fc                TIM1_BRK_TIM9_IRQHandler
                0x00000000080027fc                DCMI_IRQHandler
                0x00000000080027fc                CAN2_RX0_IRQHandler
                0x00000000080027fc                DMA2_Stream3_IRQHandler
                0x00000000080027fc                SAI2_IRQHandler
                0x00000000080027fc                USART6_IRQHandler
                0x00000000080027fc                USART3_IRQHandler
                0x00000000080027fc                CAN1_RX1_IRQHandler
                0x00000000080027fc                UART5_IRQHandler
                0x00000000080027fc                DMA2_Stream0_IRQHandler
                0x00000000080027fc                TIM4_IRQHandler
                0x00000000080027fc                QUADSPI_IRQHandler
                0x00000000080027fc                I2C1_EV_IRQHandler
                0x00000000080027fc                DMA1_Stream1_IRQHandler
                0x00000000080027fc                UART4_IRQHandler
                0x00000000080027fc                TIM3_IRQHandler
                0x00000000080027fc                RCC_IRQHandler
                0x00000000080027fc                TIM8_BRK_TIM12_IRQHandler
                0x00000000080027fc                Default_Handler
                0x00000000080027fc                CEC_IRQHandler
                0x00000000080027fc                EXTI15_10_IRQHandler
                0x00000000080027fc                ADC_IRQHandler
                0x00000000080027fc                DMA1_Stream7_IRQHandler
                0x00000000080027fc                TIM7_IRQHandler
                0x00000000080027fc                CAN2_TX_IRQHandler
                0x00000000080027fc                TIM5_IRQHandler
                0x00000000080027fc                DMA2_Stream7_IRQHandler
                0x00000000080027fc                I2C3_EV_IRQHandler
                0x00000000080027fc                EXTI9_5_IRQHandler
                0x00000000080027fc                RTC_WKUP_IRQHandler
                0x00000000080027fc                SPDIF_RX_IRQHandler
                0x00000000080027fc                SPI2_IRQHandler
                0x00000000080027fc                OTG_HS_EP1_IN_IRQHandler
                0x00000000080027fc                DMA1_Stream0_IRQHandler
                0x00000000080027fc                CAN1_TX_IRQHandler
                0x00000000080027fc                FMPI2C1_ER_IRQHandler
                0x00000000080027fc                EXTI4_IRQHandler
                0x00000000080027fc                OTG_HS_EP1_OUT_IRQHandler
                0x00000000080027fc                WWDG_IRQHandler
                0x00000000080027fc                TIM2_IRQHandler
                0x00000000080027fc                OTG_FS_WKUP_IRQHandler
                0x00000000080027fc                TIM1_TRG_COM_TIM11_IRQHandler
                0x00000000080027fc                OTG_HS_IRQHandler
                0x00000000080027fc                EXTI1_IRQHandler
                0x00000000080027fc                I2C2_ER_IRQHandler
                0x00000000080027fc                DMA2_Stream1_IRQHandler
                0x00000000080027fc                CAN1_SCE_IRQHandler
                0x00000000080027fc                FLASH_IRQHandler
                0x00000000080027fc                DMA2_Stream4_IRQHandler
                0x00000000080027fc                USART1_IRQHandler
                0x00000000080027fc                OTG_FS_IRQHandler
                0x00000000080027fc                SPI3_IRQHandler
                0x00000000080027fc                DMA1_Stream4_IRQHandler
                0x00000000080027fc                I2C1_ER_IRQHandler
                0x00000000080027fc                FMC_IRQHandler
                0x00000000080027fc                DMA2_Stream6_IRQHandler
                0x00000000080027fc                SAI1_IRQHandler
                0x00000000080027fc                DMA1_Stream3_IRQHandler
 *fill*         0x00000000080027fe        0x2 
 .text.HAL_Init
                0x0000000008002800       0x44 ./Drivers/STM32F4xx_HAL_Driver/stm32f4xx_hal.o
                0x0000000008002800                HAL_Init
 .text.HAL_InitTick
                0x0000000008002844       0x60 ./Drivers/STM32F4xx_HAL_Driver/stm32f4xx_hal.o
                0x0000000008002844                HAL_InitTick
 .text.HAL_IncTick
                0x00000000080028a4       0x28 ./Drivers/STM32F4xx_HAL_Driver/stm32f4xx_hal.o
                0x00000000080028a4                HAL_IncTick
 .text.HAL_GetTick
                0x00000000080028cc       0x18 ./Drivers/STM32F4xx_HAL_Driver/stm32f4xx_hal.o
                0x00000000080028cc                HAL_GetTick
 .text.HAL_Delay
                0x00000000080028e4       0x48 ./Drivers/STM32F4xx_HAL_Driver/stm32f4xx_hal.o
                0x00000000080028e4                HAL_Delay
 .text.__NVIC_SetPriorityGrouping
                0x000000000800292c       0x48 ./Drivers/STM32F4xx_HAL_Driver/stm32f4xx_hal_cortex.o
 .text.__NVIC_GetPriorityGrouping
                0x0000000008002974       0x1c ./Drivers/STM32F4xx_HAL_Driver/stm32f4xx_hal_cortex.o
 .text.__NVIC_EnableIRQ
                0x0000000008002990       0x3c ./Drivers/STM32F4xx_HAL_Driver/stm32f4xx_hal_cortex.o
 .text.__NVIC_SetPriority
                0x00000000080029cc       0x54 ./Drivers/STM32F4xx_HAL_Driver/stm32f4xx_hal_cortex.o
 .text.NVIC_EncodePriority
                0x0000000008002a20       0x66 ./Drivers/STM32F4xx_HAL_Driver/stm32f4xx_hal_cortex.o
 *fill*         0x0000000008002a86        0x2 
 .text.SysTick_Config
                0x0000000008002a88       0x44 ./Drivers/STM32F4xx_HAL_Driver/stm32f4xx_hal_cortex.o
 .text.HAL_NVIC_SetPriorityGrouping
                0x0000000008002acc       0x16 ./Drivers/STM32F4xx_HAL_Driver/stm32f4xx_hal_cortex.o
                0x0000000008002acc                HAL_NVIC_SetPriorityGrouping
 .text.HAL_NVIC_SetPriority
                0x0000000008002ae2       0x38 ./Drivers/STM32F4xx_HAL_Driver/stm32f4xx_hal_cortex.o
                0x0000000008002ae2                HAL_NVIC_SetPriority
 .text.HAL_NVIC_EnableIRQ
                0x0000000008002b1a       0x1c ./Drivers/STM32F4xx_HAL_Driver/stm32f4xx_hal_cortex.o
                0x0000000008002b1a                HAL_NVIC_EnableIRQ
 .text.HAL_SYSTICK_Config
                0x0000000008002b36       0x18 ./Drivers/STM32F4xx_HAL_Driver/stm32f4xx_hal_cortex.o
                0x0000000008002b36                HAL_SYSTICK_Config
 *fill*         0x0000000008002b4e        0x2 
 .text.HAL_DMA_Init
                0x0000000008002b50      0x15c ./Drivers/STM32F4xx_HAL_Driver/stm32f4xx_hal_dma.o
                0x0000000008002b50                HAL_DMA_Init
 .text.HAL_DMA_Start_IT
                0x0000000008002cac       0xb0 ./Drivers/STM32F4xx_HAL_Driver/stm32f4xx_hal_dma.o
                0x0000000008002cac                HAL_DMA_Start_IT
 .text.HAL_DMA_Abort
                0x0000000008002d5c       0xe0 ./Drivers/STM32F4xx_HAL_Driver/stm32f4xx_hal_dma.o
                0x0000000008002d5c                HAL_DMA_Abort
 .text.HAL_DMA_Abort_IT
                0x0000000008002e3c       0x44 ./Drivers/STM32F4xx_HAL_Driver/stm32f4xx_hal_dma.o
                0x0000000008002e3c                HAL_DMA_Abort_IT
 .text.HAL_DMA_IRQHandler
                0x0000000008002e80      0x314 ./Drivers/STM32F4xx_HAL_Driver/stm32f4xx_hal_dma.o
                0x0000000008002e80                HAL_DMA_IRQHandler
 .text.DMA_SetConfig
                0x0000000008003194       0x5c ./Drivers/STM32F4xx_HAL_Driver/stm32f4xx_hal_dma.o
 .text.DMA_CalcBaseAndBitshift
                0x00000000080031f0       0x6c ./Drivers/STM32F4xx_HAL_Driver/stm32f4xx_hal_dma.o
 .text.DMA_CheckFifoParam
                0x000000000800325c       0xf8 ./Drivers/STM32F4xx_HAL_Driver/stm32f4xx_hal_dma.o
 .text.HAL_GPIO_Init
                0x0000000008003354      0x328 ./Drivers/STM32F4xx_HAL_Driver/stm32f4xx_hal_gpio.o
                0x0000000008003354                HAL_GPIO_Init
 .text.HAL_PWREx_EnableOverDrive
                0x000000000800367c       0xa0 ./Drivers/STM32F4xx_HAL_Driver/stm32f4xx_hal_pwr_ex.o
                0x000000000800367c                HAL_PWREx_EnableOverDrive
 .text.HAL_RCC_ClockConfig
                0x000000000800371c      0x1cc ./Drivers/STM32F4xx_HAL_Driver/stm32f4xx_hal_rcc.o
                0x000000000800371c                HAL_RCC_ClockConfig
 .text.HAL_RCC_GetHCLKFreq
                0x00000000080038e8       0x18 ./Drivers/STM32F4xx_HAL_Driver/stm32f4xx_hal_rcc.o
                0x00000000080038e8                HAL_RCC_GetHCLKFreq
 .text.HAL_RCC_GetPCLK1Freq
                0x0000000008003900       0x28 ./Drivers/STM32F4xx_HAL_Driver/stm32f4xx_hal_rcc.o
                0x0000000008003900                HAL_RCC_GetPCLK1Freq
 .text.HAL_RCC_GetPCLK2Freq
                0x0000000008003928       0x28 ./Drivers/STM32F4xx_HAL_Driver/stm32f4xx_hal_rcc.o
                0x0000000008003928                HAL_RCC_GetPCLK2Freq
 .text.HAL_RCC_GetSysClockFreq
                0x0000000008003950      0x460 ./Drivers/STM32F4xx_HAL_Driver/stm32f4xx_hal_rcc_ex.o
                0x0000000008003950                HAL_RCC_GetSysClockFreq
 .text.HAL_RCC_OscConfig
                0x0000000008003db0      0x53c ./Drivers/STM32F4xx_HAL_Driver/stm32f4xx_hal_rcc_ex.o
                0x0000000008003db0                HAL_RCC_OscConfig
 .text.HAL_UART_Init
                0x00000000080042ec       0x9a ./Drivers/STM32F4xx_HAL_Driver/stm32f4xx_hal_uart.o
                0x00000000080042ec                HAL_UART_Init
 *fill*         0x0000000008004386        0x2 
 .text.HAL_UART_Transmit_DMA
                0x0000000008004388       0xfc ./Drivers/STM32F4xx_HAL_Driver/stm32f4xx_hal_uart.o
                0x0000000008004388                HAL_UART_Transmit_DMA
 .text.HAL_UART_Receive_DMA
                0x0000000008004484       0x60 ./Drivers/STM32F4xx_HAL_Driver/stm32f4xx_hal_uart.o
                0x0000000008004484                HAL_UART_Receive_DMA
 .text.HAL_UART_IRQHandler
                0x00000000080044e4      0x51c ./Drivers/STM32F4xx_HAL_Driver/stm32f4xx_hal_uart.o
                0x00000000080044e4                HAL_UART_IRQHandler
 .text.HAL_UART_TxHalfCpltCallback
                0x0000000008004a00       0x14 ./Drivers/STM32F4xx_HAL_Driver/stm32f4xx_hal_uart.o
                0x0000000008004a00                HAL_UART_TxHalfCpltCallback
 .text.HAL_UART_RxHalfCpltCallback
                0x0000000008004a14       0x14 ./Drivers/STM32F4xx_HAL_Driver/stm32f4xx_hal_uart.o
                0x0000000008004a14                HAL_UART_RxHalfCpltCallback
 .text.HAL_UART_ErrorCallback
                0x0000000008004a28       0x14 ./Drivers/STM32F4xx_HAL_Driver/stm32f4xx_hal_uart.o
                0x0000000008004a28                HAL_UART_ErrorCallback
 .text.HAL_UARTEx_RxEventCallback
                0x0000000008004a3c       0x18 ./Drivers/STM32F4xx_HAL_Driver/stm32f4xx_hal_uart.o
                0x0000000008004a3c                HAL_UARTEx_RxEventCallback
 .text.UART_DMATransmitCplt
                0x0000000008004a54       0x9a ./Drivers/STM32F4xx_HAL_Driver/stm32f4xx_hal_uart.o
 .text.UART_DMATxHalfCplt
                0x0000000008004aee       0x1c ./Drivers/STM32F4xx_HAL_Driver/stm32f4xx_hal_uart.o
 .text.UART_DMAReceiveCplt
                0x0000000008004b0a      0x126 ./Drivers/STM32F4xx_HAL_Driver/stm32f4xx_hal_uart.o
 .text.UART_DMARxHalfCplt
                0x0000000008004c30       0x36 ./Drivers/STM32F4xx_HAL_Driver/stm32f4xx_hal_uart.o
 .text.UART_DMAError
                0x0000000008004c66       0x94 ./Drivers/STM32F4xx_HAL_Driver/stm32f4xx_hal_uart.o
 *fill*         0x0000000008004cfa        0x2 
 .text.UART_Start_Receive_DMA
                0x0000000008004cfc      0x13c ./Drivers/STM32F4xx_HAL_Driver/stm32f4xx_hal_uart.o
                0x0000000008004cfc                UART_Start_Receive_DMA
 .text.UART_EndTxTransfer
                0x0000000008004e38       0x50 ./Drivers/STM32F4xx_HAL_Driver/stm32f4xx_hal_uart.o
 .text.UART_EndRxTransfer
                0x0000000008004e88       0xc6 ./Drivers/STM32F4xx_HAL_Driver/stm32f4xx_hal_uart.o
 .text.UART_DMAAbortOnError
                0x0000000008004f4e       0x28 ./Drivers/STM32F4xx_HAL_Driver/stm32f4xx_hal_uart.o
 .text.UART_Transmit_IT
                0x0000000008004f76       0xa0 ./Drivers/STM32F4xx_HAL_Driver/stm32f4xx_hal_uart.o
 .text.UART_EndTransmit_IT
                0x0000000008005016       0x30 ./Drivers/STM32F4xx_HAL_Driver/stm32f4xx_hal_uart.o
 .text.UART_Receive_IT
                0x0000000008005046      0x176 ./Drivers/STM32F4xx_HAL_Driver/stm32f4xx_hal_uart.o
 .text.UART_SetConfig
                0x00000000080051bc      0x4e8 ./Drivers/STM32F4xx_HAL_Driver/stm32f4xx_hal_uart.o
 .text.__cxa_pure_virtual
                0x00000000080056a4        0x6 d:/file install cube ide/stm32cubeide_1.9.0/stm32cubeide/plugins/com.st.stm32cube.ide.mcu.externaltools.gnu-tools-for-stm32.10.3-2021.10.win32_1.0.0.202111181127/tools/bin/../lib/gcc/arm-none-eabi/10.3.1/../../../../arm-none-eabi/lib/thumb/v7e-m+fp/hard\libstdc++_nano.a(pure.o)
                0x00000000080056a4                __cxa_pure_virtual
 .text._ZN10__cxxabiv111__terminateEPFvvE
                0x00000000080056aa        0x8 d:/file install cube ide/stm32cubeide_1.9.0/stm32cubeide/plugins/com.st.stm32cube.ide.mcu.externaltools.gnu-tools-for-stm32.10.3-2021.10.win32_1.0.0.202111181127/tools/bin/../lib/gcc/arm-none-eabi/10.3.1/../../../../arm-none-eabi/lib/thumb/v7e-m+fp/hard\libstdc++_nano.a(eh_terminate.o)
                0x00000000080056aa                __cxxabiv1::__terminate(void (*)())
 *fill*         0x00000000080056b2        0x2 
 .text._ZSt13get_terminatev
                0x00000000080056b4       0x10 d:/file install cube ide/stm32cubeide_1.9.0/stm32cubeide/plugins/com.st.stm32cube.ide.mcu.externaltools.gnu-tools-for-stm32.10.3-2021.10.win32_1.0.0.202111181127/tools/bin/../lib/gcc/arm-none-eabi/10.3.1/../../../../arm-none-eabi/lib/thumb/v7e-m+fp/hard\libstdc++_nano.a(eh_terminate.o)
                0x00000000080056b4                std::get_terminate()
 .text._ZSt9terminatev
                0x00000000080056c4        0xa d:/file install cube ide/stm32cubeide_1.9.0/stm32cubeide/plugins/com.st.stm32cube.ide.mcu.externaltools.gnu-tools-for-stm32.10.3-2021.10.win32_1.0.0.202111181127/tools/bin/../lib/gcc/arm-none-eabi/10.3.1/../../../../arm-none-eabi/lib/thumb/v7e-m+fp/hard\libstdc++_nano.a(eh_terminate.o)
                0x00000000080056c4                std::terminate()
 .text.abort    0x00000000080056ce        0xe d:/file install cube ide/stm32cubeide_1.9.0/stm32cubeide/plugins/com.st.stm32cube.ide.mcu.externaltools.gnu-tools-for-stm32.10.3-2021.10.win32_1.0.0.202111181127/tools/bin/../lib/gcc/arm-none-eabi/10.3.1/../../../../arm-none-eabi/lib/thumb/v7e-m+fp/hard\libc_nano.a(lib_a-abort.o)
                0x00000000080056ce                abort
 .text.__errno  0x00000000080056dc        0xc d:/file install cube ide/stm32cubeide_1.9.0/stm32cubeide/plugins/com.st.stm32cube.ide.mcu.externaltools.gnu-tools-for-stm32.10.3-2021.10.win32_1.0.0.202111181127/tools/bin/../lib/gcc/arm-none-eabi/10.3.1/../../../../arm-none-eabi/lib/thumb/v7e-m+fp/hard\libc_nano.a(lib_a-errno.o)
                0x00000000080056dc                __errno
 .text.__libc_init_array
                0x00000000080056e8       0x48 d:/file install cube ide/stm32cubeide_1.9.0/stm32cubeide/plugins/com.st.stm32cube.ide.mcu.externaltools.gnu-tools-for-stm32.10.3-2021.10.win32_1.0.0.202111181127/tools/bin/../lib/gcc/arm-none-eabi/10.3.1/../../../../arm-none-eabi/lib/thumb/v7e-m+fp/hard\libc_nano.a(lib_a-init.o)
                0x00000000080056e8                __libc_init_array
 .text.memcpy   0x0000000008005730       0x1c d:/file install cube ide/stm32cubeide_1.9.0/stm32cubeide/plugins/com.st.stm32cube.ide.mcu.externaltools.gnu-tools-for-stm32.10.3-2021.10.win32_1.0.0.202111181127/tools/bin/../lib/gcc/arm-none-eabi/10.3.1/../../../../arm-none-eabi/lib/thumb/v7e-m+fp/hard\libc_nano.a(lib_a-memcpy-stub.o)
                0x0000000008005730                memcpy
 .text.memset   0x000000000800574c       0x10 d:/file install cube ide/stm32cubeide_1.9.0/stm32cubeide/plugins/com.st.stm32cube.ide.mcu.externaltools.gnu-tools-for-stm32.10.3-2021.10.win32_1.0.0.202111181127/tools/bin/../lib/gcc/arm-none-eabi/10.3.1/../../../../arm-none-eabi/lib/thumb/v7e-m+fp/hard\libc_nano.a(lib_a-memset.o)
                0x000000000800574c                memset
 .text.realloc  0x000000000800575c       0x10 d:/file install cube ide/stm32cubeide_1.9.0/stm32cubeide/plugins/com.st.stm32cube.ide.mcu.externaltools.gnu-tools-for-stm32.10.3-2021.10.win32_1.0.0.202111181127/tools/bin/../lib/gcc/arm-none-eabi/10.3.1/../../../../arm-none-eabi/lib/thumb/v7e-m+fp/hard\libc_nano.a(lib_a-realloc.o)
                0x000000000800575c                realloc
 .text._raise_r
                0x000000000800576c       0x50 d:/file install cube ide/stm32cubeide_1.9.0/stm32cubeide/plugins/com.st.stm32cube.ide.mcu.externaltools.gnu-tools-for-stm32.10.3-2021.10.win32_1.0.0.202111181127/tools/bin/../lib/gcc/arm-none-eabi/10.3.1/../../../../arm-none-eabi/lib/thumb/v7e-m+fp/hard\libc_nano.a(lib_a-signal.o)
                0x000000000800576c                _raise_r
 .text.raise    0x00000000080057bc       0x10 d:/file install cube ide/stm32cubeide_1.9.0/stm32cubeide/plugins/com.st.stm32cube.ide.mcu.externaltools.gnu-tools-for-stm32.10.3-2021.10.win32_1.0.0.202111181127/tools/bin/../lib/gcc/arm-none-eabi/10.3.1/../../../../arm-none-eabi/lib/thumb/v7e-m+fp/hard\libc_nano.a(lib_a-signal.o)
                0x00000000080057bc                raise
 .text._kill_r  0x00000000080057cc       0x24 d:/file install cube ide/stm32cubeide_1.9.0/stm32cubeide/plugins/com.st.stm32cube.ide.mcu.externaltools.gnu-tools-for-stm32.10.3-2021.10.win32_1.0.0.202111181127/tools/bin/../lib/gcc/arm-none-eabi/10.3.1/../../../../arm-none-eabi/lib/thumb/v7e-m+fp/hard\libc_nano.a(lib_a-signalr.o)
                0x00000000080057cc                _kill_r
 .text._getpid_r
                0x00000000080057f0        0x4 d:/file install cube ide/stm32cubeide_1.9.0/stm32cubeide/plugins/com.st.stm32cube.ide.mcu.externaltools.gnu-tools-for-stm32.10.3-2021.10.win32_1.0.0.202111181127/tools/bin/../lib/gcc/arm-none-eabi/10.3.1/../../../../arm-none-eabi/lib/thumb/v7e-m+fp/hard\libc_nano.a(lib_a-signalr.o)
                0x00000000080057f0                _getpid_r
 .text.sprintf  0x00000000080057f4       0x40 d:/file install cube ide/stm32cubeide_1.9.0/stm32cubeide/plugins/com.st.stm32cube.ide.mcu.externaltools.gnu-tools-for-stm32.10.3-2021.10.win32_1.0.0.202111181127/tools/bin/../lib/gcc/arm-none-eabi/10.3.1/../../../../arm-none-eabi/lib/thumb/v7e-m+fp/hard\libc_nano.a(lib_a-sprintf.o)
                0x00000000080057f4                siprintf
                0x00000000080057f4                sprintf
 .text.sbrk_aligned
                0x0000000008005834       0x40 d:/file install cube ide/stm32cubeide_1.9.0/stm32cubeide/plugins/com.st.stm32cube.ide.mcu.externaltools.gnu-tools-for-stm32.10.3-2021.10.win32_1.0.0.202111181127/tools/bin/../lib/gcc/arm-none-eabi/10.3.1/../../../../arm-none-eabi/lib/thumb/v7e-m+fp/hard\libc_nano.a(lib_a-nano-mallocr.o)
 .text._malloc_r
                0x0000000008005874       0xe8 d:/file install cube ide/stm32cubeide_1.9.0/stm32cubeide/plugins/com.st.stm32cube.ide.mcu.externaltools.gnu-tools-for-stm32.10.3-2021.10.win32_1.0.0.202111181127/tools/bin/../lib/gcc/arm-none-eabi/10.3.1/../../../../arm-none-eabi/lib/thumb/v7e-m+fp/hard\libc_nano.a(lib_a-nano-mallocr.o)
                0x0000000008005874                _malloc_r
 .text._realloc_r
                0x000000000800595c       0x5e d:/file install cube ide/stm32cubeide_1.9.0/stm32cubeide/plugins/com.st.stm32cube.ide.mcu.externaltools.gnu-tools-for-stm32.10.3-2021.10.win32_1.0.0.202111181127/tools/bin/../lib/gcc/arm-none-eabi/10.3.1/../../../../arm-none-eabi/lib/thumb/v7e-m+fp/hard\libc_nano.a(lib_a-nano-reallocr.o)
                0x000000000800595c                _realloc_r
 .text.__ssputs_r
                0x00000000080059ba       0xb6 d:/file install cube ide/stm32cubeide_1.9.0/stm32cubeide/plugins/com.st.stm32cube.ide.mcu.externaltools.gnu-tools-for-stm32.10.3-2021.10.win32_1.0.0.202111181127/tools/bin/../lib/gcc/arm-none-eabi/10.3.1/../../../../arm-none-eabi/lib/thumb/v7e-m+fp/hard\libc_nano.a(lib_a-nano-svfprintf.o)
                0x00000000080059ba                __ssputs_r
 .text._svfprintf_r
                0x0000000008005a70      0x200 d:/file install cube ide/stm32cubeide_1.9.0/stm32cubeide/plugins/com.st.stm32cube.ide.mcu.externaltools.gnu-tools-for-stm32.10.3-2021.10.win32_1.0.0.202111181127/tools/bin/../lib/gcc/arm-none-eabi/10.3.1/../../../../arm-none-eabi/lib/thumb/v7e-m+fp/hard\libc_nano.a(lib_a-nano-svfprintf.o)
                0x0000000008005a70                _svfiprintf_r
                0x0000000008005a70                _svfprintf_r
 .text._printf_common
                0x0000000008005c70       0xda d:/file install cube ide/stm32cubeide_1.9.0/stm32cubeide/plugins/com.st.stm32cube.ide.mcu.externaltools.gnu-tools-for-stm32.10.3-2021.10.win32_1.0.0.202111181127/tools/bin/../lib/gcc/arm-none-eabi/10.3.1/../../../../arm-none-eabi/lib/thumb/v7e-m+fp/hard\libc_nano.a(lib_a-nano-vfprintf_i.o)
                0x0000000008005c70                _printf_common
 *fill*         0x0000000008005d4a        0x2 
 .text._printf_i
                0x0000000008005d4c      0x24c d:/file install cube ide/stm32cubeide_1.9.0/stm32cubeide/plugins/com.st.stm32cube.ide.mcu.externaltools.gnu-tools-for-stm32.10.3-2021.10.win32_1.0.0.202111181127/tools/bin/../lib/gcc/arm-none-eabi/10.3.1/../../../../arm-none-eabi/lib/thumb/v7e-m+fp/hard\libc_nano.a(lib_a-nano-vfprintf_i.o)
                0x0000000008005d4c                _printf_i
 .text._sbrk_r  0x0000000008005f98       0x20 d:/file install cube ide/stm32cubeide_1.9.0/stm32cubeide/plugins/com.st.stm32cube.ide.mcu.externaltools.gnu-tools-for-stm32.10.3-2021.10.win32_1.0.0.202111181127/tools/bin/../lib/gcc/arm-none-eabi/10.3.1/../../../../arm-none-eabi/lib/thumb/v7e-m+fp/hard\libc_nano.a(lib_a-sbrkr.o)
                0x0000000008005f98                _sbrk_r
 .text.memmove  0x0000000008005fb8       0x34 d:/file install cube ide/stm32cubeide_1.9.0/stm32cubeide/plugins/com.st.stm32cube.ide.mcu.externaltools.gnu-tools-for-stm32.10.3-2021.10.win32_1.0.0.202111181127/tools/bin/../lib/gcc/arm-none-eabi/10.3.1/../../../../arm-none-eabi/lib/thumb/v7e-m+fp/hard\libc_nano.a(lib_a-memmove.o)
                0x0000000008005fb8                memmove
 .text.__malloc_lock
                0x0000000008005fec        0xc d:/file install cube ide/stm32cubeide_1.9.0/stm32cubeide/plugins/com.st.stm32cube.ide.mcu.externaltools.gnu-tools-for-stm32.10.3-2021.10.win32_1.0.0.202111181127/tools/bin/../lib/gcc/arm-none-eabi/10.3.1/../../../../arm-none-eabi/lib/thumb/v7e-m+fp/hard\libc_nano.a(lib_a-mlock.o)
                0x0000000008005fec                __malloc_lock
 .text.__malloc_unlock
                0x0000000008005ff8        0xc d:/file install cube ide/stm32cubeide_1.9.0/stm32cubeide/plugins/com.st.stm32cube.ide.mcu.externaltools.gnu-tools-for-stm32.10.3-2021.10.win32_1.0.0.202111181127/tools/bin/../lib/gcc/arm-none-eabi/10.3.1/../../../../arm-none-eabi/lib/thumb/v7e-m+fp/hard\libc_nano.a(lib_a-mlock.o)
                0x0000000008005ff8                __malloc_unlock
 .text._free_r  0x0000000008006004       0x98 d:/file install cube ide/stm32cubeide_1.9.0/stm32cubeide/plugins/com.st.stm32cube.ide.mcu.externaltools.gnu-tools-for-stm32.10.3-2021.10.win32_1.0.0.202111181127/tools/bin/../lib/gcc/arm-none-eabi/10.3.1/../../../../arm-none-eabi/lib/thumb/v7e-m+fp/hard\libc_nano.a(lib_a-nano-freer.o)
                0x0000000008006004                _free_r
 .text._malloc_usable_size_r
                0x000000000800609c       0x10 d:/file install cube ide/stm32cubeide_1.9.0/stm32cubeide/plugins/com.st.stm32cube.ide.mcu.externaltools.gnu-tools-for-stm32.10.3-2021.10.win32_1.0.0.202111181127/tools/bin/../lib/gcc/arm-none-eabi/10.3.1/../../../../arm-none-eabi/lib/thumb/v7e-m+fp/hard\libc_nano.a(lib_a-nano-msizer.o)
                0x000000000800609c                _malloc_usable_size_r
 .text.__retarget_lock_acquire_recursive
                0x00000000080060ac        0x2 d:/file install cube ide/stm32cubeide_1.9.0/stm32cubeide/plugins/com.st.stm32cube.ide.mcu.externaltools.gnu-tools-for-stm32.10.3-2021.10.win32_1.0.0.202111181127/tools/bin/../lib/gcc/arm-none-eabi/10.3.1/../../../../arm-none-eabi/lib/thumb/v7e-m+fp/hard\libc_nano.a(lib_a-lock.o)
                0x00000000080060ac                __retarget_lock_acquire_recursive
 .text.__retarget_lock_release_recursive
                0x00000000080060ae        0x2 d:/file install cube ide/stm32cubeide_1.9.0/stm32cubeide/plugins/com.st.stm32cube.ide.mcu.externaltools.gnu-tools-for-stm32.10.3-2021.10.win32_1.0.0.202111181127/tools/bin/../lib/gcc/arm-none-eabi/10.3.1/../../../../arm-none-eabi/lib/thumb/v7e-m+fp/hard\libc_nano.a(lib_a-lock.o)
                0x00000000080060ae                __retarget_lock_release_recursive
 *(.glue_7)
 .glue_7        0x00000000080060b0        0x0 linker stubs
 *(.glue_7t)
 .glue_7t       0x00000000080060b0        0x0 linker stubs
 *(.eh_frame)
 .eh_frame      0x00000000080060b0        0x0 d:/file install cube ide/stm32cubeide_1.9.0/stm32cubeide/plugins/com.st.stm32cube.ide.mcu.externaltools.gnu-tools-for-stm32.10.3-2021.10.win32_1.0.0.202111181127/tools/bin/../lib/gcc/arm-none-eabi/10.3.1/thumb/v7e-m+fp/hard/crtbegin.o
 *(.init)
 .init          0x00000000080060b0        0x4 d:/file install cube ide/stm32cubeide_1.9.0/stm32cubeide/plugins/com.st.stm32cube.ide.mcu.externaltools.gnu-tools-for-stm32.10.3-2021.10.win32_1.0.0.202111181127/tools/bin/../lib/gcc/arm-none-eabi/10.3.1/thumb/v7e-m+fp/hard/crti.o
                0x00000000080060b0                _init
 .init          0x00000000080060b4        0x8 d:/file install cube ide/stm32cubeide_1.9.0/stm32cubeide/plugins/com.st.stm32cube.ide.mcu.externaltools.gnu-tools-for-stm32.10.3-2021.10.win32_1.0.0.202111181127/tools/bin/../lib/gcc/arm-none-eabi/10.3.1/thumb/v7e-m+fp/hard/crtn.o
 *(.fini)
 .fini          0x00000000080060bc        0x4 d:/file install cube ide/stm32cubeide_1.9.0/stm32cubeide/plugins/com.st.stm32cube.ide.mcu.externaltools.gnu-tools-for-stm32.10.3-2021.10.win32_1.0.0.202111181127/tools/bin/../lib/gcc/arm-none-eabi/10.3.1/thumb/v7e-m+fp/hard/crti.o
                0x00000000080060bc                _fini
 .fini          0x00000000080060c0        0x8 d:/file install cube ide/stm32cubeide_1.9.0/stm32cubeide/plugins/com.st.stm32cube.ide.mcu.externaltools.gnu-tools-for-stm32.10.3-2021.10.win32_1.0.0.202111181127/tools/bin/../lib/gcc/arm-none-eabi/10.3.1/thumb/v7e-m+fp/hard/crtn.o
                0x00000000080060c8                . = ALIGN (0x4)
                0x00000000080060c8                _etext = .

.vfp11_veneer   0x00000000080060c8        0x0
 .vfp11_veneer  0x00000000080060c8        0x0 linker stubs

.v4_bx          0x00000000080060c8        0x0
 .v4_bx         0x00000000080060c8        0x0 linker stubs

.iplt           0x00000000080060c8        0x0
 .iplt          0x00000000080060c8        0x0 d:/file install cube ide/stm32cubeide_1.9.0/stm32cubeide/plugins/com.st.stm32cube.ide.mcu.externaltools.gnu-tools-for-stm32.10.3-2021.10.win32_1.0.0.202111181127/tools/bin/../lib/gcc/arm-none-eabi/10.3.1/thumb/v7e-m+fp/hard/crtbegin.o

.rodata         0x00000000080060c8      0x294
                0x00000000080060c8                . = ALIGN (0x4)
 *(.rodata)
 .rodata        0x00000000080060c8      0x16c ./Core/Src/mainpp.o
 *(.rodata*)
 .rodata._ZN14rosserial_msgsL12REQUESTPARAME
                0x0000000008006234       0x1c ./Core/Src/mainpp.o
 .rodata._ZTVN3ros11NodeHandle_I13STM32HardwareLi25ELi25ELi512ELi512EEE
                0x0000000008006250       0x14 ./Core/Src/mainpp.o
                0x0000000008006250                vtable for ros::NodeHandle_<STM32Hardware, 25, 25, 512, 512>
 .rodata._ZTVN8std_msgs6StringE
                0x0000000008006264       0x18 ./Core/Src/mainpp.o
                0x0000000008006264                vtable for std_msgs::String
 .rodata._ZTVN3ros15NodeHandleBase_E
                0x000000000800627c       0x14 ./Core/Src/mainpp.o
                0x000000000800627c                vtable for ros::NodeHandleBase_
 .rodata._ZTVN14rosserial_msgs20RequestParamResponseE
                0x0000000008006290       0x18 ./Core/Src/mainpp.o
                0x0000000008006290                vtable for rosserial_msgs::RequestParamResponse
 .rodata._ZTVN14rosserial_msgs3LogE
                0x00000000080062a8       0x18 ./Core/Src/mainpp.o
                0x00000000080062a8                vtable for rosserial_msgs::Log
 .rodata._ZTVN14rosserial_msgs9TopicInfoE
                0x00000000080062c0       0x18 ./Core/Src/mainpp.o
                0x00000000080062c0                vtable for rosserial_msgs::TopicInfo
 .rodata._ZTVN8std_msgs4TimeE
                0x00000000080062d8       0x18 ./Core/Src/mainpp.o
                0x00000000080062d8                vtable for std_msgs::Time
 .rodata._ZTVN3ros3MsgE
                0x00000000080062f0       0x18 ./Core/Src/mainpp.o
                0x00000000080062f0                vtable for ros::Msg
 .rodata.AHBPrescTable
                0x0000000008006308       0x10 ./Core/Src/system_stm32f4xx.o
                0x0000000008006308                AHBPrescTable
 .rodata.APBPrescTable
                0x0000000008006318        0x8 ./Core/Src/system_stm32f4xx.o
                0x0000000008006318                APBPrescTable
 .rodata.flagBitshiftOffset.0
                0x0000000008006320        0x8 ./Drivers/STM32F4xx_HAL_Driver/stm32f4xx_hal_dma.o
 .rodata._svfprintf_r.str1.1
                0x0000000008006328       0x11 d:/file install cube ide/stm32cubeide_1.9.0/stm32cubeide/plugins/com.st.stm32cube.ide.mcu.externaltools.gnu-tools-for-stm32.10.3-2021.10.win32_1.0.0.202111181127/tools/bin/../lib/gcc/arm-none-eabi/10.3.1/../../../../arm-none-eabi/lib/thumb/v7e-m+fp/hard\libc_nano.a(lib_a-nano-svfprintf.o)
 .rodata._printf_i.str1.1
                0x0000000008006339       0x22 d:/file install cube ide/stm32cubeide_1.9.0/stm32cubeide/plugins/com.st.stm32cube.ide.mcu.externaltools.gnu-tools-for-stm32.10.3-2021.10.win32_1.0.0.202111181127/tools/bin/../lib/gcc/arm-none-eabi/10.3.1/../../../../arm-none-eabi/lib/thumb/v7e-m+fp/hard\libc_nano.a(lib_a-nano-vfprintf_i.o)
                0x000000000800635c                . = ALIGN (0x4)
 *fill*         0x000000000800635b        0x1 

.ARM.extab      0x000000000800635c        0x0
                0x000000000800635c                . = ALIGN (0x4)
 *(.ARM.extab* .gnu.linkonce.armextab.*)
                0x000000000800635c                . = ALIGN (0x4)

.ARM            0x000000000800635c        0x8
                0x000000000800635c                . = ALIGN (0x4)
                0x000000000800635c                __exidx_start = .
 *(.ARM.exidx*)
 .ARM.exidx     0x000000000800635c        0x8 d:/file install cube ide/stm32cubeide_1.9.0/stm32cubeide/plugins/com.st.stm32cube.ide.mcu.externaltools.gnu-tools-for-stm32.10.3-2021.10.win32_1.0.0.202111181127/tools/bin/../lib/gcc/arm-none-eabi/10.3.1/thumb/v7e-m+fp/hard\libgcc.a(_udivmoddi4.o)
                0x0000000008006364                __exidx_end = .
                0x0000000008006364                . = ALIGN (0x4)

.rel.dyn        0x0000000008006364        0x0
 .rel.iplt      0x0000000008006364        0x0 d:/file install cube ide/stm32cubeide_1.9.0/stm32cubeide/plugins/com.st.stm32cube.ide.mcu.externaltools.gnu-tools-for-stm32.10.3-2021.10.win32_1.0.0.202111181127/tools/bin/../lib/gcc/arm-none-eabi/10.3.1/thumb/v7e-m+fp/hard/crtbegin.o

.preinit_array  0x0000000008006364        0x0
                0x0000000008006364                . = ALIGN (0x4)
                0x0000000008006364                PROVIDE (__preinit_array_start = .)
 *(.preinit_array*)
                0x0000000008006364                PROVIDE (__preinit_array_end = .)
                0x0000000008006364                . = ALIGN (0x4)

.init_array     0x0000000008006364        0x8
                0x0000000008006364                . = ALIGN (0x4)
                0x0000000008006364                PROVIDE (__init_array_start = .)
 *(SORT_BY_NAME(.init_array.*))
 *(.init_array*)
 .init_array    0x0000000008006364        0x4 d:/file install cube ide/stm32cubeide_1.9.0/stm32cubeide/plugins/com.st.stm32cube.ide.mcu.externaltools.gnu-tools-for-stm32.10.3-2021.10.win32_1.0.0.202111181127/tools/bin/../lib/gcc/arm-none-eabi/10.3.1/thumb/v7e-m+fp/hard/crtbegin.o
 .init_array    0x0000000008006368        0x4 ./Core/Src/mainpp.o
                0x000000000800636c                PROVIDE (__init_array_end = .)
                0x000000000800636c                . = ALIGN (0x4)

.fini_array     0x000000000800636c        0x4
                0x000000000800636c                . = ALIGN (0x4)
                [!provide]                        PROVIDE (__fini_array_start = .)
 *(SORT_BY_NAME(.fini_array.*))
 *(.fini_array*)
 .fini_array    0x000000000800636c        0x4 d:/file install cube ide/stm32cubeide_1.9.0/stm32cubeide/plugins/com.st.stm32cube.ide.mcu.externaltools.gnu-tools-for-stm32.10.3-2021.10.win32_1.0.0.202111181127/tools/bin/../lib/gcc/arm-none-eabi/10.3.1/thumb/v7e-m+fp/hard/crtbegin.o
                [!provide]                        PROVIDE (__fini_array_end = .)
                0x0000000008006370                . = ALIGN (0x4)
                0x0000000008006370                _sidata = LOADADDR (.data)

.data           0x0000000020000000       0xa8 load address 0x0000000008006370
                0x0000000020000000                . = ALIGN (0x4)
                0x0000000020000000                _sdata = .
 *(.data)
 *(.data*)
 .data.hello    0x0000000020000000       0x32 ./Core/Src/mainpp.o
                0x0000000020000000                hello
 *fill*         0x0000000020000032        0x2 
 .data.SystemCoreClock
                0x0000000020000034        0x4 ./Core/Src/system_stm32f4xx.o
                0x0000000020000034                SystemCoreClock
 .data.uwTickPrio
                0x0000000020000038        0x4 ./Drivers/STM32F4xx_HAL_Driver/stm32f4xx_hal.o
                0x0000000020000038                uwTickPrio
 .data.uwTickFreq
                0x000000002000003c        0x1 ./Drivers/STM32F4xx_HAL_Driver/stm32f4xx_hal.o
                0x000000002000003c                uwTickFreq
 *fill*         0x000000002000003d        0x3 
 .data._ZN10__cxxabiv119__terminate_handlerE
                0x0000000020000040        0x4 d:/file install cube ide/stm32cubeide_1.9.0/stm32cubeide/plugins/com.st.stm32cube.ide.mcu.externaltools.gnu-tools-for-stm32.10.3-2021.10.win32_1.0.0.202111181127/tools/bin/../lib/gcc/arm-none-eabi/10.3.1/../../../../arm-none-eabi/lib/thumb/v7e-m+fp/hard\libstdc++_nano.a(eh_term_handler.o)
                0x0000000020000040                __cxxabiv1::__terminate_handler
 .data._impure_ptr
                0x0000000020000044        0x4 d:/file install cube ide/stm32cubeide_1.9.0/stm32cubeide/plugins/com.st.stm32cube.ide.mcu.externaltools.gnu-tools-for-stm32.10.3-2021.10.win32_1.0.0.202111181127/tools/bin/../lib/gcc/arm-none-eabi/10.3.1/../../../../arm-none-eabi/lib/thumb/v7e-m+fp/hard\libc_nano.a(lib_a-impure.o)
                0x0000000020000044                _impure_ptr
 .data.impure_data
                0x0000000020000048       0x60 d:/file install cube ide/stm32cubeide_1.9.0/stm32cubeide/plugins/com.st.stm32cube.ide.mcu.externaltools.gnu-tools-for-stm32.10.3-2021.10.win32_1.0.0.202111181127/tools/bin/../lib/gcc/arm-none-eabi/10.3.1/../../../../arm-none-eabi/lib/thumb/v7e-m+fp/hard\libc_nano.a(lib_a-impure.o)
 *(.RamFunc)
 *(.RamFunc*)
                0x00000000200000a8                . = ALIGN (0x4)
                0x00000000200000a8                _edata = .

.igot.plt       0x00000000200000a8        0x0 load address 0x0000000008006418
 .igot.plt      0x00000000200000a8        0x0 d:/file install cube ide/stm32cubeide_1.9.0/stm32cubeide/plugins/com.st.stm32cube.ide.mcu.externaltools.gnu-tools-for-stm32.10.3-2021.10.win32_1.0.0.202111181127/tools/bin/../lib/gcc/arm-none-eabi/10.3.1/thumb/v7e-m+fp/hard/crtbegin.o
                0x00000000200000a8                . = ALIGN (0x4)

.bss            0x00000000200000a8      0xa98 load address 0x0000000008006418
                0x00000000200000a8                _sbss = .
                0x00000000200000a8                __bss_start__ = _sbss
 *(.bss)
 .bss           0x00000000200000a8       0x1c d:/file install cube ide/stm32cubeide_1.9.0/stm32cubeide/plugins/com.st.stm32cube.ide.mcu.externaltools.gnu-tools-for-stm32.10.3-2021.10.win32_1.0.0.202111181127/tools/bin/../lib/gcc/arm-none-eabi/10.3.1/thumb/v7e-m+fp/hard/crtbegin.o
 *(.bss*)
 .bss.huart2    0x00000000200000c4       0x44 ./Core/Src/main.o
                0x00000000200000c4                huart2
 .bss.hdma_usart2_rx
                0x0000000020000108       0x60 ./Core/Src/main.o
                0x0000000020000108                hdma_usart2_rx
 .bss.hdma_usart2_tx
                0x0000000020000168       0x60 ./Core/Src/main.o
                0x0000000020000168                hdma_usart2_tx
 .bss._ZZN13STM32Hardware5flushEvE5mutex
                0x00000000200001c8        0x1 ./Core/Src/mainpp.o
                0x00000000200001c8                STM32Hardware::flush()::mutex
 *fill*         0x00000000200001c9        0x3 
 .bss.nh        0x00000000200001cc      0x93c ./Core/Src/mainpp.o
                0x00000000200001cc                nh
 .bss.counter   0x0000000020000b08        0x2 ./Core/Src/mainpp.o
                0x0000000020000b08                counter
 *fill*         0x0000000020000b0a        0x2 
 .bss.str_msg   0x0000000020000b0c        0x8 ./Core/Src/mainpp.o
                0x0000000020000b0c                str_msg
 .bss.chatter   0x0000000020000b14       0x14 ./Core/Src/mainpp.o
                0x0000000020000b14                chatter
 .bss.__sbrk_heap_end
                0x0000000020000b28        0x4 ./Core/Src/sysmem.o
 .bss.uwTick    0x0000000020000b2c        0x4 ./Drivers/STM32F4xx_HAL_Driver/stm32f4xx_hal.o
                0x0000000020000b2c                uwTick
 .bss.__malloc_free_list
                0x0000000020000b30        0x4 d:/file install cube ide/stm32cubeide_1.9.0/stm32cubeide/plugins/com.st.stm32cube.ide.mcu.externaltools.gnu-tools-for-stm32.10.3-2021.10.win32_1.0.0.202111181127/tools/bin/../lib/gcc/arm-none-eabi/10.3.1/../../../../arm-none-eabi/lib/thumb/v7e-m+fp/hard\libc_nano.a(lib_a-nano-mallocr.o)
                0x0000000020000b30                __malloc_free_list
 .bss.__malloc_sbrk_start
                0x0000000020000b34        0x4 d:/file install cube ide/stm32cubeide_1.9.0/stm32cubeide/plugins/com.st.stm32cube.ide.mcu.externaltools.gnu-tools-for-stm32.10.3-2021.10.win32_1.0.0.202111181127/tools/bin/../lib/gcc/arm-none-eabi/10.3.1/../../../../arm-none-eabi/lib/thumb/v7e-m+fp/hard\libc_nano.a(lib_a-nano-mallocr.o)
                0x0000000020000b34                __malloc_sbrk_start
 .bss.errno     0x0000000020000b38        0x4 d:/file install cube ide/stm32cubeide_1.9.0/stm32cubeide/plugins/com.st.stm32cube.ide.mcu.externaltools.gnu-tools-for-stm32.10.3-2021.10.win32_1.0.0.202111181127/tools/bin/../lib/gcc/arm-none-eabi/10.3.1/../../../../arm-none-eabi/lib/thumb/v7e-m+fp/hard\libc_nano.a(lib_a-reent.o)
                0x0000000020000b38                errno
 .bss.__lock___malloc_recursive_mutex
                0x0000000020000b3c        0x1 d:/file install cube ide/stm32cubeide_1.9.0/stm32cubeide/plugins/com.st.stm32cube.ide.mcu.externaltools.gnu-tools-for-stm32.10.3-2021.10.win32_1.0.0.202111181127/tools/bin/../lib/gcc/arm-none-eabi/10.3.1/../../../../arm-none-eabi/lib/thumb/v7e-m+fp/hard\libc_nano.a(lib_a-lock.o)
                0x0000000020000b3c                __lock___malloc_recursive_mutex
 *(COMMON)
                0x0000000020000b40                . = ALIGN (0x4)
 *fill*         0x0000000020000b3d        0x3 
                0x0000000020000b40                _ebss = .
                0x0000000020000b40                __bss_end__ = _ebss

._user_heap_stack
                0x0000000020000b40      0x600 load address 0x0000000008006418
                0x0000000020000b40                . = ALIGN (0x8)
                [!provide]                        PROVIDE (end = .)
                0x0000000020000b40                PROVIDE (_end = .)
                0x0000000020000d40                . = (. + _Min_Heap_Size)
 *fill*         0x0000000020000b40      0x200 
                0x0000000020001140                . = (. + _Min_Stack_Size)
 *fill*         0x0000000020000d40      0x400 
                0x0000000020001140                . = ALIGN (0x8)

/DISCARD/
 libc.a(*)
 libm.a(*)
 libgcc.a(*)

.ARM.attributes
                0x0000000000000000       0x30
 *(.ARM.attributes)
 .ARM.attributes
                0x0000000000000000       0x1e d:/file install cube ide/stm32cubeide_1.9.0/stm32cubeide/plugins/com.st.stm32cube.ide.mcu.externaltools.gnu-tools-for-stm32.10.3-2021.10.win32_1.0.0.202111181127/tools/bin/../lib/gcc/arm-none-eabi/10.3.1/thumb/v7e-m+fp/hard/crti.o
 .ARM.attributes
                0x000000000000001e       0x34 d:/file install cube ide/stm32cubeide_1.9.0/stm32cubeide/plugins/com.st.stm32cube.ide.mcu.externaltools.gnu-tools-for-stm32.10.3-2021.10.win32_1.0.0.202111181127/tools/bin/../lib/gcc/arm-none-eabi/10.3.1/thumb/v7e-m+fp/hard/crtbegin.o
 .ARM.attributes
                0x0000000000000052       0x34 ./Core/Src/main.o
 .ARM.attributes
                0x0000000000000086       0x34 ./Core/Src/mainpp.o
 .ARM.attributes
                0x00000000000000ba       0x34 ./Core/Src/stm32f4xx_hal_msp.o
 .ARM.attributes
                0x00000000000000ee       0x34 ./Core/Src/stm32f4xx_it.o
 .ARM.attributes
                0x0000000000000122       0x34 ./Core/Src/syscalls.o
 .ARM.attributes
                0x0000000000000156       0x34 ./Core/Src/sysmem.o
 .ARM.attributes
                0x000000000000018a       0x34 ./Core/Src/system_stm32f4xx.o
 .ARM.attributes
                0x00000000000001be       0x34 ./Core/Src/time.o
 .ARM.attributes
                0x00000000000001f2       0x21 ./Core/Startup/startup_stm32f446retx.o
 .ARM.attributes
                0x0000000000000213       0x34 ./Drivers/STM32F4xx_HAL_Driver/stm32f4xx_hal.o
 .ARM.attributes
                0x0000000000000247       0x34 ./Drivers/STM32F4xx_HAL_Driver/stm32f4xx_hal_cortex.o
 .ARM.attributes
                0x000000000000027b       0x34 ./Drivers/STM32F4xx_HAL_Driver/stm32f4xx_hal_dma.o
 .ARM.attributes
                0x00000000000002af       0x34 ./Drivers/STM32F4xx_HAL_Driver/stm32f4xx_hal_gpio.o
 .ARM.attributes
                0x00000000000002e3       0x34 ./Drivers/STM32F4xx_HAL_Driver/stm32f4xx_hal_pwr_ex.o
 .ARM.attributes
                0x0000000000000317       0x34 ./Drivers/STM32F4xx_HAL_Driver/stm32f4xx_hal_rcc.o
 .ARM.attributes
                0x000000000000034b       0x34 ./Drivers/STM32F4xx_HAL_Driver/stm32f4xx_hal_rcc_ex.o
 .ARM.attributes
                0x000000000000037f       0x34 ./Drivers/STM32F4xx_HAL_Driver/stm32f4xx_hal_uart.o
 .ARM.attributes
                0x00000000000003b3       0x34 d:/file install cube ide/stm32cubeide_1.9.0/stm32cubeide/plugins/com.st.stm32cube.ide.mcu.externaltools.gnu-tools-for-stm32.10.3-2021.10.win32_1.0.0.202111181127/tools/bin/../lib/gcc/arm-none-eabi/10.3.1/../../../../arm-none-eabi/lib/thumb/v7e-m+fp/hard\libstdc++_nano.a(pure.o)
 .ARM.attributes
                0x00000000000003e7       0x34 d:/file install cube ide/stm32cubeide_1.9.0/stm32cubeide/plugins/com.st.stm32cube.ide.mcu.externaltools.gnu-tools-for-stm32.10.3-2021.10.win32_1.0.0.202111181127/tools/bin/../lib/gcc/arm-none-eabi/10.3.1/../../../../arm-none-eabi/lib/thumb/v7e-m+fp/hard\libstdc++_nano.a(eh_terminate.o)
 .ARM.attributes
                0x000000000000041b       0x34 d:/file install cube ide/stm32cubeide_1.9.0/stm32cubeide/plugins/com.st.stm32cube.ide.mcu.externaltools.gnu-tools-for-stm32.10.3-2021.10.win32_1.0.0.202111181127/tools/bin/../lib/gcc/arm-none-eabi/10.3.1/../../../../arm-none-eabi/lib/thumb/v7e-m+fp/hard\libstdc++_nano.a(eh_term_handler.o)
 .ARM.attributes
                0x000000000000044f       0x34 d:/file install cube ide/stm32cubeide_1.9.0/stm32cubeide/plugins/com.st.stm32cube.ide.mcu.externaltools.gnu-tools-for-stm32.10.3-2021.10.win32_1.0.0.202111181127/tools/bin/../lib/gcc/arm-none-eabi/10.3.1/../../../../arm-none-eabi/lib/thumb/v7e-m+fp/hard\libc_nano.a(lib_a-abort.o)
 .ARM.attributes
                0x0000000000000483       0x34 d:/file install cube ide/stm32cubeide_1.9.0/stm32cubeide/plugins/com.st.stm32cube.ide.mcu.externaltools.gnu-tools-for-stm32.10.3-2021.10.win32_1.0.0.202111181127/tools/bin/../lib/gcc/arm-none-eabi/10.3.1/../../../../arm-none-eabi/lib/thumb/v7e-m+fp/hard\libc_nano.a(lib_a-errno.o)
 .ARM.attributes
                0x00000000000004b7       0x34 d:/file install cube ide/stm32cubeide_1.9.0/stm32cubeide/plugins/com.st.stm32cube.ide.mcu.externaltools.gnu-tools-for-stm32.10.3-2021.10.win32_1.0.0.202111181127/tools/bin/../lib/gcc/arm-none-eabi/10.3.1/../../../../arm-none-eabi/lib/thumb/v7e-m+fp/hard\libc_nano.a(lib_a-impure.o)
 .ARM.attributes
                0x00000000000004eb       0x34 d:/file install cube ide/stm32cubeide_1.9.0/stm32cubeide/plugins/com.st.stm32cube.ide.mcu.externaltools.gnu-tools-for-stm32.10.3-2021.10.win32_1.0.0.202111181127/tools/bin/../lib/gcc/arm-none-eabi/10.3.1/../../../../arm-none-eabi/lib/thumb/v7e-m+fp/hard\libc_nano.a(lib_a-init.o)
 .ARM.attributes
                0x000000000000051f       0x34 d:/file install cube ide/stm32cubeide_1.9.0/stm32cubeide/plugins/com.st.stm32cube.ide.mcu.externaltools.gnu-tools-for-stm32.10.3-2021.10.win32_1.0.0.202111181127/tools/bin/../lib/gcc/arm-none-eabi/10.3.1/../../../../arm-none-eabi/lib/thumb/v7e-m+fp/hard\libc_nano.a(lib_a-memcpy-stub.o)
 .ARM.attributes
                0x0000000000000553       0x34 d:/file install cube ide/stm32cubeide_1.9.0/stm32cubeide/plugins/com.st.stm32cube.ide.mcu.externaltools.gnu-tools-for-stm32.10.3-2021.10.win32_1.0.0.202111181127/tools/bin/../lib/gcc/arm-none-eabi/10.3.1/../../../../arm-none-eabi/lib/thumb/v7e-m+fp/hard\libc_nano.a(lib_a-memset.o)
 .ARM.attributes
                0x0000000000000587       0x34 d:/file install cube ide/stm32cubeide_1.9.0/stm32cubeide/plugins/com.st.stm32cube.ide.mcu.externaltools.gnu-tools-for-stm32.10.3-2021.10.win32_1.0.0.202111181127/tools/bin/../lib/gcc/arm-none-eabi/10.3.1/../../../../arm-none-eabi/lib/thumb/v7e-m+fp/hard\libc_nano.a(lib_a-realloc.o)
 .ARM.attributes
                0x00000000000005bb       0x34 d:/file install cube ide/stm32cubeide_1.9.0/stm32cubeide/plugins/com.st.stm32cube.ide.mcu.externaltools.gnu-tools-for-stm32.10.3-2021.10.win32_1.0.0.202111181127/tools/bin/../lib/gcc/arm-none-eabi/10.3.1/../../../../arm-none-eabi/lib/thumb/v7e-m+fp/hard\libc_nano.a(lib_a-signal.o)
 .ARM.attributes
                0x00000000000005ef       0x34 d:/file install cube ide/stm32cubeide_1.9.0/stm32cubeide/plugins/com.st.stm32cube.ide.mcu.externaltools.gnu-tools-for-stm32.10.3-2021.10.win32_1.0.0.202111181127/tools/bin/../lib/gcc/arm-none-eabi/10.3.1/../../../../arm-none-eabi/lib/thumb/v7e-m+fp/hard\libc_nano.a(lib_a-signalr.o)
 .ARM.attributes
                0x0000000000000623       0x34 d:/file install cube ide/stm32cubeide_1.9.0/stm32cubeide/plugins/com.st.stm32cube.ide.mcu.externaltools.gnu-tools-for-stm32.10.3-2021.10.win32_1.0.0.202111181127/tools/bin/../lib/gcc/arm-none-eabi/10.3.1/../../../../arm-none-eabi/lib/thumb/v7e-m+fp/hard\libc_nano.a(lib_a-sprintf.o)
 .ARM.attributes
                0x0000000000000657       0x17 d:/file install cube ide/stm32cubeide_1.9.0/stm32cubeide/plugins/com.st.stm32cube.ide.mcu.externaltools.gnu-tools-for-stm32.10.3-2021.10.win32_1.0.0.202111181127/tools/bin/../lib/gcc/arm-none-eabi/10.3.1/../../../../arm-none-eabi/lib/thumb/v7e-m+fp/hard\libc_nano.a(lib_a-strlen.o)
 .ARM.attributes
                0x000000000000066e       0x34 d:/file install cube ide/stm32cubeide_1.9.0/stm32cubeide/plugins/com.st.stm32cube.ide.mcu.externaltools.gnu-tools-for-stm32.10.3-2021.10.win32_1.0.0.202111181127/tools/bin/../lib/gcc/arm-none-eabi/10.3.1/../../../../arm-none-eabi/lib/thumb/v7e-m+fp/hard\libc_nano.a(lib_a-nano-mallocr.o)
 .ARM.attributes
                0x00000000000006a2       0x34 d:/file install cube ide/stm32cubeide_1.9.0/stm32cubeide/plugins/com.st.stm32cube.ide.mcu.externaltools.gnu-tools-for-stm32.10.3-2021.10.win32_1.0.0.202111181127/tools/bin/../lib/gcc/arm-none-eabi/10.3.1/../../../../arm-none-eabi/lib/thumb/v7e-m+fp/hard\libc_nano.a(lib_a-nano-reallocr.o)
 .ARM.attributes
                0x00000000000006d6       0x34 d:/file install cube ide/stm32cubeide_1.9.0/stm32cubeide/plugins/com.st.stm32cube.ide.mcu.externaltools.gnu-tools-for-stm32.10.3-2021.10.win32_1.0.0.202111181127/tools/bin/../lib/gcc/arm-none-eabi/10.3.1/../../../../arm-none-eabi/lib/thumb/v7e-m+fp/hard\libc_nano.a(lib_a-nano-svfprintf.o)
 .ARM.attributes
                0x000000000000070a       0x34 d:/file install cube ide/stm32cubeide_1.9.0/stm32cubeide/plugins/com.st.stm32cube.ide.mcu.externaltools.gnu-tools-for-stm32.10.3-2021.10.win32_1.0.0.202111181127/tools/bin/../lib/gcc/arm-none-eabi/10.3.1/../../../../arm-none-eabi/lib/thumb/v7e-m+fp/hard\libc_nano.a(lib_a-nano-vfprintf_i.o)
 .ARM.attributes
                0x000000000000073e       0x34 d:/file install cube ide/stm32cubeide_1.9.0/stm32cubeide/plugins/com.st.stm32cube.ide.mcu.externaltools.gnu-tools-for-stm32.10.3-2021.10.win32_1.0.0.202111181127/tools/bin/../lib/gcc/arm-none-eabi/10.3.1/../../../../arm-none-eabi/lib/thumb/v7e-m+fp/hard\libc_nano.a(lib_a-reent.o)
 .ARM.attributes
                0x0000000000000772       0x34 d:/file install cube ide/stm32cubeide_1.9.0/stm32cubeide/plugins/com.st.stm32cube.ide.mcu.externaltools.gnu-tools-for-stm32.10.3-2021.10.win32_1.0.0.202111181127/tools/bin/../lib/gcc/arm-none-eabi/10.3.1/../../../../arm-none-eabi/lib/thumb/v7e-m+fp/hard\libc_nano.a(lib_a-sbrkr.o)
 .ARM.attributes
                0x00000000000007a6       0x1c d:/file install cube ide/stm32cubeide_1.9.0/stm32cubeide/plugins/com.st.stm32cube.ide.mcu.externaltools.gnu-tools-for-stm32.10.3-2021.10.win32_1.0.0.202111181127/tools/bin/../lib/gcc/arm-none-eabi/10.3.1/../../../../arm-none-eabi/lib/thumb/v7e-m+fp/hard\libc_nano.a(lib_a-memchr.o)
 .ARM.attributes
                0x00000000000007c2       0x34 d:/file install cube ide/stm32cubeide_1.9.0/stm32cubeide/plugins/com.st.stm32cube.ide.mcu.externaltools.gnu-tools-for-stm32.10.3-2021.10.win32_1.0.0.202111181127/tools/bin/../lib/gcc/arm-none-eabi/10.3.1/../../../../arm-none-eabi/lib/thumb/v7e-m+fp/hard\libc_nano.a(lib_a-memmove.o)
 .ARM.attributes
                0x00000000000007f6       0x34 d:/file install cube ide/stm32cubeide_1.9.0/stm32cubeide/plugins/com.st.stm32cube.ide.mcu.externaltools.gnu-tools-for-stm32.10.3-2021.10.win32_1.0.0.202111181127/tools/bin/../lib/gcc/arm-none-eabi/10.3.1/../../../../arm-none-eabi/lib/thumb/v7e-m+fp/hard\libc_nano.a(lib_a-mlock.o)
 .ARM.attributes
                0x000000000000082a       0x34 d:/file install cube ide/stm32cubeide_1.9.0/stm32cubeide/plugins/com.st.stm32cube.ide.mcu.externaltools.gnu-tools-for-stm32.10.3-2021.10.win32_1.0.0.202111181127/tools/bin/../lib/gcc/arm-none-eabi/10.3.1/../../../../arm-none-eabi/lib/thumb/v7e-m+fp/hard\libc_nano.a(lib_a-nano-freer.o)
 .ARM.attributes
                0x000000000000085e       0x34 d:/file install cube ide/stm32cubeide_1.9.0/stm32cubeide/plugins/com.st.stm32cube.ide.mcu.externaltools.gnu-tools-for-stm32.10.3-2021.10.win32_1.0.0.202111181127/tools/bin/../lib/gcc/arm-none-eabi/10.3.1/../../../../arm-none-eabi/lib/thumb/v7e-m+fp/hard\libc_nano.a(lib_a-nano-msizer.o)
 .ARM.attributes
                0x0000000000000892       0x34 d:/file install cube ide/stm32cubeide_1.9.0/stm32cubeide/plugins/com.st.stm32cube.ide.mcu.externaltools.gnu-tools-for-stm32.10.3-2021.10.win32_1.0.0.202111181127/tools/bin/../lib/gcc/arm-none-eabi/10.3.1/../../../../arm-none-eabi/lib/thumb/v7e-m+fp/hard\libc_nano.a(lib_a-lock.o)
 .ARM.attributes
                0x00000000000008c6       0x1e d:/file install cube ide/stm32cubeide_1.9.0/stm32cubeide/plugins/com.st.stm32cube.ide.mcu.externaltools.gnu-tools-for-stm32.10.3-2021.10.win32_1.0.0.202111181127/tools/bin/../lib/gcc/arm-none-eabi/10.3.1/thumb/v7e-m+fp/hard\libgcc.a(_aeabi_uldivmod.o)
 .ARM.attributes
                0x00000000000008e4       0x34 d:/file install cube ide/stm32cubeide_1.9.0/stm32cubeide/plugins/com.st.stm32cube.ide.mcu.externaltools.gnu-tools-for-stm32.10.3-2021.10.win32_1.0.0.202111181127/tools/bin/../lib/gcc/arm-none-eabi/10.3.1/thumb/v7e-m+fp/hard\libgcc.a(_udivmoddi4.o)
 .ARM.attributes
                0x0000000000000918       0x1e d:/file install cube ide/stm32cubeide_1.9.0/stm32cubeide/plugins/com.st.stm32cube.ide.mcu.externaltools.gnu-tools-for-stm32.10.3-2021.10.win32_1.0.0.202111181127/tools/bin/../lib/gcc/arm-none-eabi/10.3.1/thumb/v7e-m+fp/hard\libgcc.a(_dvmd_tls.o)
 .ARM.attributes
                0x0000000000000936       0x1e d:/file install cube ide/stm32cubeide_1.9.0/stm32cubeide/plugins/com.st.stm32cube.ide.mcu.externaltools.gnu-tools-for-stm32.10.3-2021.10.win32_1.0.0.202111181127/tools/bin/../lib/gcc/arm-none-eabi/10.3.1/thumb/v7e-m+fp/hard/crtn.o
OUTPUT(STM32_ROS.elf elf32-littlearm)
LOAD linker stubs
LOAD d:/file install cube ide/stm32cubeide_1.9.0/stm32cubeide/plugins/com.st.stm32cube.ide.mcu.externaltools.gnu-tools-for-stm32.10.3-2021.10.win32_1.0.0.202111181127/tools/bin/../lib/gcc/arm-none-eabi/10.3.1/../../../../arm-none-eabi/lib/thumb/v7e-m+fp/hard\libc.a
LOAD d:/file install cube ide/stm32cubeide_1.9.0/stm32cubeide/plugins/com.st.stm32cube.ide.mcu.externaltools.gnu-tools-for-stm32.10.3-2021.10.win32_1.0.0.202111181127/tools/bin/../lib/gcc/arm-none-eabi/10.3.1/../../../../arm-none-eabi/lib/thumb/v7e-m+fp/hard\libm.a
LOAD d:/file install cube ide/stm32cubeide_1.9.0/stm32cubeide/plugins/com.st.stm32cube.ide.mcu.externaltools.gnu-tools-for-stm32.10.3-2021.10.win32_1.0.0.202111181127/tools/bin/../lib/gcc/arm-none-eabi/10.3.1/thumb/v7e-m+fp/hard\libgcc.a

.debug_info     0x0000000000000000    0x128de
 .debug_info    0x0000000000000000     0x192c ./Core/Src/main.o
 .debug_info    0x000000000000192c     0x5d23 ./Core/Src/mainpp.o
 .debug_info    0x000000000000764f      0xcb6 ./Core/Src/stm32f4xx_hal_msp.o
 .debug_info    0x0000000000008305      0x6b4 ./Core/Src/stm32f4xx_it.o
 .debug_info    0x00000000000089b9      0x6e0 ./Core/Src/syscalls.o
 .debug_info    0x0000000000009099      0x171 ./Core/Src/sysmem.o
 .debug_info    0x000000000000920a      0x55b ./Core/Src/system_stm32f4xx.o
 .debug_info    0x0000000000009765     0x1bea ./Core/Src/time.o
 .debug_info    0x000000000000b34f       0x22 ./Core/Startup/startup_stm32f446retx.o
 .debug_info    0x000000000000b371      0x9d2 ./Drivers/STM32F4xx_HAL_Driver/stm32f4xx_hal.o
 .debug_info    0x000000000000bd43      0xe39 ./Drivers/STM32F4xx_HAL_Driver/stm32f4xx_hal_cortex.o
 .debug_info    0x000000000000cb7c      0x94f ./Drivers/STM32F4xx_HAL_Driver/stm32f4xx_hal_dma.o
 .debug_info    0x000000000000d4cb      0x7be ./Drivers/STM32F4xx_HAL_Driver/stm32f4xx_hal_gpio.o
 .debug_info    0x000000000000dc89      0x702 ./Drivers/STM32F4xx_HAL_Driver/stm32f4xx_hal_pwr_ex.o
 .debug_info    0x000000000000e38b      0x9ab ./Drivers/STM32F4xx_HAL_Driver/stm32f4xx_hal_rcc.o
 .debug_info    0x000000000000ed36      0x9ec ./Drivers/STM32F4xx_HAL_Driver/stm32f4xx_hal_rcc_ex.o
 .debug_info    0x000000000000f722     0x31bc ./Drivers/STM32F4xx_HAL_Driver/stm32f4xx_hal_uart.o

.debug_abbrev   0x0000000000000000     0x27d8
 .debug_abbrev  0x0000000000000000      0x2fe ./Core/Src/main.o
 .debug_abbrev  0x00000000000002fe      0x879 ./Core/Src/mainpp.o
 .debug_abbrev  0x0000000000000b77      0x1f6 ./Core/Src/stm32f4xx_hal_msp.o
 .debug_abbrev  0x0000000000000d6d      0x166 ./Core/Src/stm32f4xx_it.o
 .debug_abbrev  0x0000000000000ed3      0x1b3 ./Core/Src/syscalls.o
 .debug_abbrev  0x0000000000001086       0xbb ./Core/Src/sysmem.o
 .debug_abbrev  0x0000000000001141      0x116 ./Core/Src/system_stm32f4xx.o
 .debug_abbrev  0x0000000000001257      0x2cb ./Core/Src/time.o
 .debug_abbrev  0x0000000000001522       0x12 ./Core/Startup/startup_stm32f446retx.o
 .debug_abbrev  0x0000000000001534      0x20d ./Drivers/STM32F4xx_HAL_Driver/stm32f4xx_hal.o
 .debug_abbrev  0x0000000000001741      0x316 ./Drivers/STM32F4xx_HAL_Driver/stm32f4xx_hal_cortex.o
 .debug_abbrev  0x0000000000001a57      0x25b ./Drivers/STM32F4xx_HAL_Driver/stm32f4xx_hal_dma.o
 .debug_abbrev  0x0000000000001cb2      0x1c4 ./Drivers/STM32F4xx_HAL_Driver/stm32f4xx_hal_gpio.o
 .debug_abbrev  0x0000000000001e76      0x1c9 ./Drivers/STM32F4xx_HAL_Driver/stm32f4xx_hal_pwr_ex.o
 .debug_abbrev  0x000000000000203f      0x2aa ./Drivers/STM32F4xx_HAL_Driver/stm32f4xx_hal_rcc.o
 .debug_abbrev  0x00000000000022e9      0x1fb ./Drivers/STM32F4xx_HAL_Driver/stm32f4xx_hal_rcc_ex.o
 .debug_abbrev  0x00000000000024e4      0x2f4 ./Drivers/STM32F4xx_HAL_Driver/stm32f4xx_hal_uart.o

.debug_aranges  0x0000000000000000      0xa98
 .debug_aranges
                0x0000000000000000       0x48 ./Core/Src/main.o
 .debug_aranges
                0x0000000000000048      0x1f8 ./Core/Src/mainpp.o
 .debug_aranges
                0x0000000000000240       0x30 ./Core/Src/stm32f4xx_hal_msp.o
 .debug_aranges
                0x0000000000000270       0x78 ./Core/Src/stm32f4xx_it.o
 .debug_aranges
                0x00000000000002e8       0xa8 ./Core/Src/syscalls.o
 .debug_aranges
                0x0000000000000390       0x20 ./Core/Src/sysmem.o
 .debug_aranges
                0x00000000000003b0       0x28 ./Core/Src/system_stm32f4xx.o
 .debug_aranges
                0x00000000000003d8       0x48 ./Core/Src/time.o
 .debug_aranges
                0x0000000000000420       0x28 ./Core/Startup/startup_stm32f446retx.o
 .debug_aranges
                0x0000000000000448       0xf0 ./Drivers/STM32F4xx_HAL_Driver/stm32f4xx_hal.o
 .debug_aranges
                0x0000000000000538      0x118 ./Drivers/STM32F4xx_HAL_Driver/stm32f4xx_hal_cortex.o
 .debug_aranges
                0x0000000000000650       0x90 ./Drivers/STM32F4xx_HAL_Driver/stm32f4xx_hal_dma.o
 .debug_aranges
                0x00000000000006e0       0x58 ./Drivers/STM32F4xx_HAL_Driver/stm32f4xx_hal_gpio.o
 .debug_aranges
                0x0000000000000738       0x60 ./Drivers/STM32F4xx_HAL_Driver/stm32f4xx_hal_pwr_ex.o
 .debug_aranges
                0x0000000000000798       0x88 ./Drivers/STM32F4xx_HAL_Driver/stm32f4xx_hal_rcc.o
 .debug_aranges
                0x0000000000000820       0x78 ./Drivers/STM32F4xx_HAL_Driver/stm32f4xx_hal_rcc_ex.o
 .debug_aranges
                0x0000000000000898      0x200 ./Drivers/STM32F4xx_HAL_Driver/stm32f4xx_hal_uart.o

.debug_ranges   0x0000000000000000      0x9d8
 .debug_ranges  0x0000000000000000       0x38 ./Core/Src/main.o
 .debug_ranges  0x0000000000000038      0x200 ./Core/Src/mainpp.o
 .debug_ranges  0x0000000000000238       0x20 ./Core/Src/stm32f4xx_hal_msp.o
 .debug_ranges  0x0000000000000258       0x68 ./Core/Src/stm32f4xx_it.o
 .debug_ranges  0x00000000000002c0       0x98 ./Core/Src/syscalls.o
 .debug_ranges  0x0000000000000358       0x10 ./Core/Src/sysmem.o
 .debug_ranges  0x0000000000000368       0x18 ./Core/Src/system_stm32f4xx.o
 .debug_ranges  0x0000000000000380       0x38 ./Core/Src/time.o
 .debug_ranges  0x00000000000003b8       0x20 ./Core/Startup/startup_stm32f446retx.o
 .debug_ranges  0x00000000000003d8       0xe0 ./Drivers/STM32F4xx_HAL_Driver/stm32f4xx_hal.o
 .debug_ranges  0x00000000000004b8      0x108 ./Drivers/STM32F4xx_HAL_Driver/stm32f4xx_hal_cortex.o
 .debug_ranges  0x00000000000005c0       0x80 ./Drivers/STM32F4xx_HAL_Driver/stm32f4xx_hal_dma.o
 .debug_ranges  0x0000000000000640       0x48 ./Drivers/STM32F4xx_HAL_Driver/stm32f4xx_hal_gpio.o
 .debug_ranges  0x0000000000000688       0x50 ./Drivers/STM32F4xx_HAL_Driver/stm32f4xx_hal_pwr_ex.o
 .debug_ranges  0x00000000000006d8       0x78 ./Drivers/STM32F4xx_HAL_Driver/stm32f4xx_hal_rcc.o
 .debug_ranges  0x0000000000000750       0x68 ./Drivers/STM32F4xx_HAL_Driver/stm32f4xx_hal_rcc_ex.o
 .debug_ranges  0x00000000000007b8      0x220 ./Drivers/STM32F4xx_HAL_Driver/stm32f4xx_hal_uart.o

.debug_macro    0x0000000000000000    0x235b9
 .debug_macro   0x0000000000000000      0x38e ./Core/Src/main.o
 .debug_macro   0x000000000000038e      0x295 ./Core/Src/main.o
 .debug_macro   0x0000000000000623       0x2e ./Core/Src/main.o
 .debug_macro   0x0000000000000651       0x28 ./Core/Src/main.o
 .debug_macro   0x0000000000000679       0x8e ./Core/Src/main.o
 .debug_macro   0x0000000000000707       0x51 ./Core/Src/main.o
 .debug_macro   0x0000000000000758       0x1c ./Core/Src/main.o
 .debug_macro   0x0000000000000774       0x22 ./Core/Src/main.o
 .debug_macro   0x0000000000000796       0xd9 ./Core/Src/main.o
 .debug_macro   0x000000000000086f     0x102d ./Core/Src/main.o
 .debug_macro   0x000000000000189c      0x11f ./Core/Src/main.o
 .debug_macro   0x00000000000019bb    0x16749 ./Core/Src/main.o
 .debug_macro   0x0000000000018104       0x6d ./Core/Src/main.o
 .debug_macro   0x0000000000018171     0x367e ./Core/Src/main.o
 .debug_macro   0x000000000001b7ef       0x5c ./Core/Src/main.o
 .debug_macro   0x000000000001b84b      0xc90 ./Core/Src/main.o
 .debug_macro   0x000000000001c4db      0x9fe ./Core/Src/main.o
 .debug_macro   0x000000000001ced9      0x115 ./Core/Src/main.o
 .debug_macro   0x000000000001cfee      0x1a0 ./Core/Src/main.o
 .debug_macro   0x000000000001d18e       0xa5 ./Core/Src/main.o
 .debug_macro   0x000000000001d233      0x16d ./Core/Src/main.o
 .debug_macro   0x000000000001d3a0      0x287 ./Core/Src/main.o
 .debug_macro   0x000000000001d627       0x5f ./Core/Src/main.o
 .debug_macro   0x000000000001d686      0x236 ./Core/Src/main.o
 .debug_macro   0x000000000001d8bc      0x132 ./Core/Src/main.o
 .debug_macro   0x000000000001d9ee      0x29c ./Core/Src/main.o
 .debug_macro   0x000000000001dc8a       0x2e ./Core/Src/main.o
 .debug_macro   0x000000000001dcb8      0x11a ./Core/Src/main.o
 .debug_macro   0x000000000001ddd2       0xe8 ./Core/Src/main.o
 .debug_macro   0x000000000001deba       0x89 ./Core/Src/main.o
 .debug_macro   0x000000000001df43      0x295 ./Core/Src/main.o
 .debug_macro   0x000000000001e1d8      0x126 ./Core/Src/main.o
 .debug_macro   0x000000000001e2fe       0x52 ./Core/Src/main.o
 .debug_macro   0x000000000001e350       0x10 ./Core/Src/main.o
 .debug_macro   0x000000000001e360       0x20 ./Core/Src/main.o
 .debug_macro   0x000000000001e380       0x1c ./Core/Src/main.o
 .debug_macro   0x000000000001e39c       0x10 ./Core/Src/main.o
 .debug_macro   0x000000000001e3ac       0x10 ./Core/Src/main.o
 .debug_macro   0x000000000001e3bc       0x1c ./Core/Src/main.o
 .debug_macro   0x000000000001e3d8       0x52 ./Core/Src/main.o
 .debug_macro   0x000000000001e42a       0x22 ./Core/Src/main.o
 .debug_macro   0x000000000001e44c       0x10 ./Core/Src/main.o
 .debug_macro   0x000000000001e45c       0x52 ./Core/Src/main.o
 .debug_macro   0x000000000001e4ae       0xd5 ./Core/Src/main.o
 .debug_macro   0x000000000001e583       0x1c ./Core/Src/main.o
 .debug_macro   0x000000000001e59f       0x3d ./Core/Src/main.o
 .debug_macro   0x000000000001e5dc       0x16 ./Core/Src/main.o
 .debug_macro   0x000000000001e5f2      0x137 ./Core/Src/main.o
 .debug_macro   0x000000000001e729      0x11d ./Core/Src/main.o
 .debug_macro   0x000000000001e846      0x4d6 ./Core/Src/mainpp.o
 .debug_macro   0x000000000001ed1c       0x10 ./Core/Src/mainpp.o
 .debug_macro   0x000000000001ed2c       0x1c ./Core/Src/mainpp.o
 .debug_macro   0x000000000001ed48       0xde ./Core/Src/mainpp.o
 .debug_macro   0x000000000001ee26       0x8e ./Core/Src/mainpp.o
 .debug_macro   0x000000000001eeb4      0x3cd ./Core/Src/mainpp.o
 .debug_macro   0x000000000001f281       0x10 ./Core/Src/mainpp.o
 .debug_macro   0x000000000001f291       0x56 ./Core/Src/mainpp.o
 .debug_macro   0x000000000001f2e7      0x1c4 ./Core/Src/stm32f4xx_hal_msp.o
 .debug_macro   0x000000000001f4ab      0xa78 ./Core/Src/stm32f4xx_hal_msp.o
 .debug_macro   0x000000000001ff23     0x102d ./Core/Src/stm32f4xx_hal_msp.o
 .debug_macro   0x0000000000020f50      0x174 ./Core/Src/stm32f4xx_hal_msp.o
 .debug_macro   0x00000000000210c4      0x1ce ./Core/Src/stm32f4xx_it.o
 .debug_macro   0x0000000000021292      0x24c ./Core/Src/syscalls.o
 .debug_macro   0x00000000000214de       0x34 ./Core/Src/syscalls.o
 .debug_macro   0x0000000000021512      0x341 ./Core/Src/syscalls.o
 .debug_macro   0x0000000000021853       0x43 ./Core/Src/syscalls.o
 .debug_macro   0x0000000000021896       0x1c ./Core/Src/syscalls.o
 .debug_macro   0x00000000000218b2       0x10 ./Core/Src/syscalls.o
 .debug_macro   0x00000000000218c2       0x35 ./Core/Src/syscalls.o
 .debug_macro   0x00000000000218f7       0x10 ./Core/Src/syscalls.o
 .debug_macro   0x0000000000021907       0x10 ./Core/Src/syscalls.o
 .debug_macro   0x0000000000021917       0x35 ./Core/Src/syscalls.o
 .debug_macro   0x000000000002194c      0x12c ./Core/Src/syscalls.o
 .debug_macro   0x0000000000021a78       0x10 ./Core/Src/syscalls.o
 .debug_macro   0x0000000000021a88      0x241 ./Core/Src/syscalls.o
 .debug_macro   0x0000000000021cc9       0x10 ./Core/Src/syscalls.o
 .debug_macro   0x0000000000021cd9      0x145 ./Core/Src/syscalls.o
 .debug_macro   0x0000000000021e1e      0x189 ./Core/Src/syscalls.o
 .debug_macro   0x0000000000021fa7       0x16 ./Core/Src/syscalls.o
 .debug_macro   0x0000000000021fbd       0xce ./Core/Src/syscalls.o
 .debug_macro   0x000000000002208b       0xff ./Core/Src/sysmem.o
 .debug_macro   0x000000000002218a      0x23b ./Core/Src/sysmem.o
 .debug_macro   0x00000000000223c5      0x1ba ./Core/Src/system_stm32f4xx.o
 .debug_macro   0x000000000002257f      0x1c1 ./Core/Src/time.o
 .debug_macro   0x0000000000022740      0x21a ./Drivers/STM32F4xx_HAL_Driver/stm32f4xx_hal.o
 .debug_macro   0x000000000002295a      0x1ba ./Drivers/STM32F4xx_HAL_Driver/stm32f4xx_hal_cortex.o
 .debug_macro   0x0000000000022b14      0x1c0 ./Drivers/STM32F4xx_HAL_Driver/stm32f4xx_hal_dma.o
 .debug_macro   0x0000000000022cd4      0x1c0 ./Drivers/STM32F4xx_HAL_Driver/stm32f4xx_hal_gpio.o
 .debug_macro   0x0000000000022e94      0x1d2 ./Drivers/STM32F4xx_HAL_Driver/stm32f4xx_hal_pwr_ex.o
 .debug_macro   0x0000000000023066      0x1de ./Drivers/STM32F4xx_HAL_Driver/stm32f4xx_hal_rcc.o
 .debug_macro   0x0000000000023244      0x1ba ./Drivers/STM32F4xx_HAL_Driver/stm32f4xx_hal_rcc_ex.o
 .debug_macro   0x00000000000233fe      0x1bb ./Drivers/STM32F4xx_HAL_Driver/stm32f4xx_hal_uart.o

.debug_line     0x0000000000000000     0xf8bf
 .debug_line    0x0000000000000000      0xe03 ./Core/Src/main.o
 .debug_line    0x0000000000000e03     0x25f1 ./Core/Src/mainpp.o
 .debug_line    0x00000000000033f4      0x885 ./Core/Src/stm32f4xx_hal_msp.o